Traceback (most recent call last):
  File "/data/predator/ly/MemBind/clean_membind/external_repro/run_mab_workload.py", line 93, in <module>
    main()
  File "/data/predator/ly/MemBind/clean_membind/external_repro/run_mab_workload.py", line 89, in main
    asyncio.run(run(args.context_index, args.max_source_sequence, args.smoke_count, args.output))
  File "/usr/lib/python3.12/asyncio/runners.py", line 194, in run
    return runner.run(main)
           ^^^^^^^^^^^^^^^^
  File "/usr/lib/python3.12/asyncio/runners.py", line 118, in run
    return self._loop.run_until_complete(task)
           ^^^^^^^^^^^^^^^^^^^^^^^^^^^^^^^^^^^
  File "/usr/lib/python3.12/asyncio/base_events.py", line 687, in run_until_complete
    return future.result()
           ^^^^^^^^^^^^^^^
  File "/data/predator/ly/MemBind/clean_membind/external_repro/run_mab_workload.py", line 69, in run
    await GraphitiNative(graphiti).add_episode(_episode(chunk, group_id))
  File "/data/predator/ly/MemBind/clean_membind/src/membind/native/graphiti_adapter.py", line 63, in add_episode
    return await result if inspect.isawaitable(result) else result
           ^^^^^^^^^^^^
  File "/data/predator/ly/Mem/envs/membind-local/lib/python3.12/site-packages/graphiti_core/graphiti.py", line 1228, in add_episode
    raise e
  File "/data/predator/ly/Mem/envs/membind-local/lib/python3.12/site-packages/graphiti_core/graphiti.py", line 1100, in add_episode
    await EpisodicNode.get_by_uuid(self.driver, uuid)
  File "/data/predator/ly/Mem/envs/membind-local/lib/python3.12/site-packages/graphiti_core/nodes.py", line 388, in get_by_uuid
    raise NodeNotFoundError(uuid)
graphiti_core.errors.NodeNotFoundError: node chunk-144206354f836bf9dfcc5d99568fde74 not found
