2026-08-25T03:03:19+08:00 110
 1846104
2026-08-25T03:08:19+08:00 110
 1846104
2026-08-25T03:13:20+08:00 110
 1846104
2026-08-25T03:18:20+08:00 110
 1846104
2026-08-25T03:23:20+08:00 110
 1846104
2026-08-25T03:28:20+08:00 110
 1846104
2026-08-25T03:33:20+08:00 110
 1846104
2026-08-25T03:38:20+08:00 110
 1846104
2026-08-25T03:43:20+08:00 110
 1846104
2026-08-25T03:48:20+08:00 110
 1846104
2026-08-25T03:53:20+08:00 110
 1846104
2026-08-25T03:58:20+08:00 110
 1846104
2026-08-25T04:03:20+08:00 110
 1846104
2026-08-25T04:08:20+08:00 110
 1846104
2026-08-25T04:13:20+08:00 110
 1846104
2026-08-25T04:18:20+08:00 110
 1846104
2026-08-25T04:23:20+08:00 110
 2417923
2026-08-25T04:28:20+08:00 110
 2417923
2026-08-25T04:33:20+08:00 110
 2417923
2026-08-25T04:38:20+08:00 110
 2417923
2026-08-25T04:43:20+08:00 110
 2417923
2026-08-25T04:48:20+08:00 110
 2417923
2026-08-25T04:53:20+08:00 110
 2417923
2026-08-25T04:58:20+08:00 110
 2417923
2026-08-25T05:03:20+08:00 110
 2417923
2026-08-25T05:08:20+08:00 110
 2417923
2026-08-25T05:13:20+08:00 110
 2417923
2026-08-25T05:18:20+08:00 110
 2417923
2026-08-25T05:23:20+08:00 110
 2417923
2026-08-25T05:28:20+08:00 110
 2417923
2026-08-25T05:33:20+08:00 110
 2417923
2026-08-25T05:38:20+08:00 110
 2417923
2026-08-25T05:43:20+08:00 110
 2417923
2026-08-25T05:48:20+08:00 110
 2417923
2026-08-25T05:53:20+08:00 110
 2417923
2026-08-25T05:58:20+08:00 110
 2417923
2026-08-25T06:03:20+08:00 110
 2417923
2026-08-25T06:08:20+08:00 110
 2417923
2026-08-25T06:13:20+08:00 110
 2417923
2026-08-25T06:18:21+08:00 110
 2417923
2026-08-25T06:23:21+08:00 110
 2417923
2026-08-25T06:28:21+08:00 110
 2417923
2026-08-25T06:33:21+08:00 110
 2417923
2026-08-25T06:38:21+08:00 110
 2417923
2026-08-25T06:43:21+08:00 110
 2417923
2026-08-25T06:48:21+08:00 110
 2417923
2026-08-25T06:53:21+08:00 110
 2417923
2026-08-25T06:58:21+08:00 110
 2417923
2026-08-25T07:03:21+08:00 110
 2417923
2026-08-25T07:08:21+08:00 110
 2417923
2026-08-25T07:13:21+08:00 110
 2417923
2026-08-25T07:18:21+08:00 110
 2417923
2026-08-25T07:23:21+08:00 110
 2417923
2026-08-25T07:28:21+08:00 110
 892028
2026-08-25T07:33:21+08:00 110
 892028
2026-08-25T07:38:21+08:00 110
 892028
2026-08-25T07:43:21+08:00 110
 892028
2026-08-25T07:48:21+08:00 110
 892028
2026-08-25T07:53:21+08:00 110
 892028
2026-08-25T07:58:21+08:00 110
 892028
2026-08-25T08:03:21+08:00 110
 892028
2026-08-25T08:08:21+08:00 110
 892028
2026-08-25T08:13:21+08:00 110
 892028
2026-08-25T08:18:21+08:00 110
 892028
2026-08-25T08:23:21+08:00 110
 892028
2026-08-25T08:28:21+08:00 110
 892028
2026-08-25T08:33:21+08:00 110
 892028
2026-08-25T08:38:21+08:00 110
 892028
2026-08-25T08:43:21+08:00 110
 892028
2026-08-25T08:48:21+08:00 110
 892028
2026-08-25T08:53:21+08:00 110
 892028
2026-08-25T08:58:21+08:00 110
 892028
2026-08-25T09:03:21+08:00 110
 892028
2026-08-25T09:08:21+08:00 110
 892028
2026-08-25T09:13:22+08:00 110
 892028
2026-08-25T09:18:22+08:00 110
 892028
2026-08-25T09:23:22+08:00 110
 892028
2026-08-25T09:28:22+08:00 110
 892028
2026-08-25T09:33:22+08:00 110
 892028
2026-08-25T09:38:22+08:00 110
 892028
2026-08-25T09:43:22+08:00 110
 892028
2026-08-25T09:48:22+08:00 110
 892028
2026-08-25T09:53:22+08:00 110
 892028
2026-08-25T09:58:22+08:00 110
 892028
2026-08-25T10:03:22+08:00 110
 892028
2026-08-25T10:08:22+08:00 110
 892028
2026-08-25T10:13:22+08:00 110
 892028
2026-08-25T10:18:22+08:00 110
 892028
2026-08-25T10:23:22+08:00 110
 892028
2026-08-25T10:28:22+08:00 110
 892028
2026-08-25T10:33:22+08:00 110
 892028
2026-08-25T10:38:22+08:00 110
 892028
2026-08-25T10:43:22+08:00 110
 892028
2026-08-25T10:48:22+08:00 110
 892028
2026-08-25T10:53:22+08:00 110
 892028
2026-08-25T10:58:22+08:00 110
 892028
2026-08-25T11:03:22+08:00 110
 892028
2026-08-25T11:08:22+08:00 110
 892028
2026-08-25T11:13:22+08:00 110
 892028
2026-08-25T11:18:22+08:00 110
 892028
2026-08-25T11:23:22+08:00 110
 892028
2026-08-25T11:28:22+08:00 110
 892028
2026-08-25T11:33:22+08:00 110
 892028
2026-08-25T11:38:22+08:00 110
 892028
2026-08-25T11:43:22+08:00 110
 892028
2026-08-25T11:48:22+08:00 110
 892028
2026-08-25T11:53:22+08:00 110
 892028
2026-08-25T11:58:22+08:00 110
 892028
2026-08-25T12:03:23+08:00 110
 993121
2026-08-25T12:08:23+08:00 110
 993121
2026-08-25T12:13:23+08:00 110
 993121
2026-08-25T12:18:23+08:00 110
 993121
2026-08-25T12:23:23+08:00 110
 993121
2026-08-25T12:28:23+08:00 110
 993121
2026-08-25T12:33:23+08:00 110
 993121
2026-08-25T12:38:23+08:00 110
 993121
2026-08-25T12:43:23+08:00 110
 993121
2026-08-25T12:48:23+08:00 110
 993121
2026-08-25T12:53:23+08:00 110
 993121
2026-08-25T12:58:23+08:00 110
 993121
2026-08-25T13:03:23+08:00 110
 993121
2026-08-25T13:08:23+08:00 110
 993121
2026-08-25T13:13:23+08:00 110
 993121
2026-08-25T13:18:23+08:00 110
 993121
2026-08-25T13:23:23+08:00 110
 993121
2026-08-25T13:28:23+08:00 110
 993121
2026-08-25T13:33:23+08:00 110
 993121
2026-08-25T13:38:23+08:00 110
 993121
2026-08-25T13:43:23+08:00 110
 993121
2026-08-25T13:48:23+08:00 110
 993121
2026-08-25T13:53:23+08:00 110
 993121
2026-08-25T13:58:23+08:00 110
 993121
2026-08-25T14:03:23+08:00 110
 993121
2026-08-25T14:08:23+08:00 110
 993121
2026-08-25T14:13:23+08:00 110
 993121
2026-08-25T14:18:23+08:00 110
 993121
2026-08-25T14:23:23+08:00 110
 993121
2026-08-25T14:28:23+08:00 110
 993121
2026-08-25T14:33:23+08:00 110
 993121
2026-08-25T14:38:23+08:00 110
 993121
2026-08-25T14:43:23+08:00 110
 993121
2026-08-25T14:48:23+08:00 110
 993121
2026-08-25T14:53:23+08:00 110
 993121
2026-08-25T14:58:23+08:00 110
 993121
2026-08-25T15:03:24+08:00 110
 993121
2026-08-25T15:08:24+08:00 110
 993121
2026-08-25T15:13:24+08:00 110
 993121
2026-08-25T15:18:24+08:00 110
 993121
2026-08-25T15:23:24+08:00 110
 993121
2026-08-25T15:28:24+08:00 110
 993121
2026-08-25T15:33:24+08:00 110
 993121
2026-08-25T15:38:24+08:00 110
 993121
2026-08-25T15:43:24+08:00 110
 993121
2026-08-25T15:48:24+08:00 110
 993121
2026-08-25T15:53:24+08:00 110
 993121
2026-08-25T15:58:24+08:00 110
 993121
2026-08-25T16:03:24+08:00 110
 993121
2026-08-25T16:08:24+08:00 110
 993121
2026-08-25T16:13:24+08:00 110
 993121
2026-08-25T16:18:24+08:00 110
 2297217
2026-08-25T16:23:24+08:00 110
 2417923
2026-08-25T16:28:24+08:00 110
 2417923
2026-08-25T16:33:24+08:00 110
 2417923
2026-08-25T16:38:24+08:00 110
 2417923
2026-08-25T16:43:24+08:00 110
 2417923
2026-08-25T16:48:24+08:00 110
 2417923
2026-08-25T16:53:24+08:00 110
 2417923
2026-08-25T16:58:24+08:00 110
 2417923
2026-08-25T17:03:24+08:00 110
 2417923
2026-08-25T17:08:24+08:00 110
 2417923
2026-08-25T17:13:24+08:00 110
 2417923
2026-08-25T17:18:24+08:00 110
 2417923
2026-08-25T17:23:24+08:00 110
 2417923
2026-08-25T17:28:24+08:00 110
 2417923
2026-08-25T17:33:24+08:00 110
 2417923
2026-08-25T17:38:24+08:00 110
 2417923
2026-08-25T17:43:24+08:00 110
 2417923
2026-08-25T17:48:24+08:00 110
 2417923
2026-08-25T17:53:25+08:00 110
 2417923
2026-08-25T17:58:25+08:00 110
 2417923
2026-08-25T18:03:25+08:00 110
 2417923
2026-08-25T18:08:25+08:00 110
 2417923
2026-08-25T18:13:25+08:00 110
 2417923
2026-08-25T18:18:25+08:00 110
 2417923
2026-08-25T18:23:25+08:00 110
 2417923
2026-08-25T18:28:25+08:00 110
 2417923
2026-08-25T18:33:25+08:00 110
 2417923
2026-08-25T18:38:25+08:00 110
 2417923
2026-08-25T18:43:25+08:00 110
 2417923
2026-08-25T18:48:25+08:00 110
 2417923
2026-08-25T18:53:25+08:00 110
 2417923
2026-08-25T18:58:25+08:00 110
 2417923
2026-08-25T19:03:25+08:00 110
 2417923
2026-08-25T19:08:25+08:00 110
 2417923
2026-08-25T19:13:25+08:00 110
 2417923
2026-08-25T19:18:25+08:00 110
 2417923
2026-08-25T19:23:25+08:00 110
 2417923
2026-08-25T19:28:25+08:00 110
 2417923
2026-08-25T19:33:25+08:00 110
 2417923
2026-08-25T19:38:25+08:00 110
 2417923
2026-08-25T19:43:25+08:00 110
 2417923
2026-08-25T19:48:25+08:00 110
 2417923
2026-08-25T19:53:25+08:00 110
 2417923
2026-08-25T19:58:25+08:00 110
 2417923
2026-08-25T20:03:25+08:00 110
 2417923
2026-08-25T20:08:25+08:00 110
 2417923
2026-08-25T20:13:25+08:00 110
 2417923
2026-08-25T20:18:25+08:00 110
 2417923
2026-08-25T20:23:25+08:00 110
 2417923
2026-08-25T20:28:25+08:00 110
 2417923
2026-08-25T20:33:25+08:00 110
 2417923
2026-08-25T20:38:26+08:00 110
 2417923
2026-08-25T20:43:26+08:00 110
 2417923
2026-08-25T20:48:26+08:00 110
 2417923
2026-08-25T20:53:26+08:00 110
 2417923
2026-08-25T20:58:26+08:00 110
 2417923
2026-08-25T21:03:26+08:00 110
 2417923
2026-08-25T21:08:26+08:00 110
 2417923
2026-08-25T21:13:26+08:00 110
 2417923
2026-08-25T21:18:26+08:00 110
 2417923
2026-08-25T21:23:26+08:00 110
 2417923
2026-08-25T21:28:26+08:00 110
 2417923
2026-08-25T21:33:26+08:00 110
 2417923
2026-08-25T21:38:26+08:00 110
 2417923
2026-08-25T21:43:26+08:00 110
 2417923
2026-08-25T21:48:26+08:00 110
 2417923
2026-08-25T21:53:26+08:00 110
 2417923
2026-08-25T21:58:26+08:00 110
 2417923
2026-08-25T22:03:26+08:00 110
 2417923
2026-08-25T22:08:26+08:00 110
 2417923
2026-08-25T22:13:26+08:00 110
 2417923
2026-08-25T22:18:26+08:00 110
 2417923
2026-08-25T22:23:26+08:00 110
 2417923
2026-08-25T22:28:26+08:00 110
 2417923
2026-08-25T22:33:26+08:00 110
 2417923
2026-08-25T22:38:26+08:00 110
 2417923
2026-08-25T22:43:26+08:00 110
 2417923
2026-08-25T22:48:26+08:00 110
 2417923
2026-08-25T22:53:27+08:00 110
 2417923
2026-08-25T22:58:27+08:00 110
 2417923
2026-08-25T23:03:27+08:00 110
 2417923
2026-08-25T23:08:27+08:00 110
 2417923
2026-08-25T23:13:27+08:00 110
 2417923
2026-08-25T23:18:27+08:00 110
 2417923
2026-08-25T23:23:27+08:00 110
 2417923
2026-08-25T23:28:27+08:00 110
 2417923
2026-08-25T23:33:27+08:00 110
 2417923
2026-08-25T23:38:27+08:00 110
 2417923
2026-08-25T23:43:27+08:00 110
 2417923
2026-08-25T23:48:27+08:00 110
 2417923
2026-08-25T23:53:27+08:00 110
 2417923
2026-08-25T23:58:27+08:00 110
 2417923
2026-08-26T00:03:27+08:00 110
 2417923
2026-08-26T00:08:27+08:00 110
 2417923
2026-08-26T00:13:27+08:00 110
 2417923
2026-08-26T00:18:27+08:00 110
 2417923
2026-08-26T00:23:27+08:00 110
 2417923
2026-08-26T00:28:27+08:00 110
 2417923
2026-08-26T00:33:28+08:00 110
 2417923
2026-08-26T00:38:28+08:00 110
 2417923
2026-08-26T00:43:28+08:00 110
 2417923
2026-08-26T00:48:28+08:00 110
 2417923
2026-08-26T00:53:28+08:00 110
 2417923
2026-08-26T00:58:28+08:00 110
 2417923
2026-08-26T01:03:28+08:00 110
 2417923
2026-08-26T01:08:28+08:00 110
 2417923
2026-08-26T01:13:28+08:00 110
 2417923
2026-08-26T01:18:28+08:00 110
 2417923
2026-08-26T01:23:28+08:00 110
 2417923
2026-08-26T01:28:28+08:00 110
 2417923
2026-08-26T01:33:28+08:00 110
 2417923
2026-08-26T01:38:28+08:00 110
 2417923
2026-08-26T01:43:28+08:00 110
 2417923
2026-08-26T01:48:28+08:00 110
 2417923
2026-08-26T01:53:28+08:00 110
 2417923
2026-08-26T01:58:28+08:00 110
 2417923
2026-08-26T02:03:28+08:00 110
 2417923
2026-08-26T02:08:28+08:00 110
 2417923
2026-08-26T02:13:28+08:00 110
 2417923
2026-08-26T02:18:28+08:00 110
 2417923
2026-08-26T02:23:28+08:00 110
 2417923
2026-08-26T02:28:28+08:00 110
 2417923
2026-08-26T02:33:28+08:00 110
 2417923
2026-08-26T02:38:28+08:00 110
 2417923
2026-08-26T02:43:28+08:00 110
 2417923
2026-08-26T02:48:28+08:00 110
 2417923
2026-08-26T02:53:28+08:00 110
 2417923
2026-08-26T02:58:28+08:00 110
 2417923
2026-08-26T03:03:28+08:00 110
 2417923
2026-08-26T03:08:28+08:00 110
 2417923
2026-08-26T03:13:28+08:00 110
 2417923
2026-08-26T03:18:28+08:00 110
 2417923
2026-08-26T03:23:29+08:00 110
 2417923
2026-08-26T03:28:29+08:00 110
 2417923
2026-08-26T03:33:29+08:00 110
 2417923
2026-08-26T03:38:29+08:00 110
 2417923
2026-08-26T03:43:29+08:00 110
 2417923
2026-08-26T03:48:29+08:00 110
 2417923
2026-08-26T03:53:29+08:00 110
 2417923
2026-08-26T03:58:29+08:00 110
 2417923
2026-08-26T04:03:29+08:00 110
 2417923
2026-08-26T04:08:29+08:00 110
 2417923
2026-08-26T04:13:29+08:00 110
 2417923
2026-08-26T04:18:29+08:00 110
 2417923
2026-08-26T04:23:29+08:00 110
 2417923
2026-08-26T04:28:29+08:00 110
 2417923
2026-08-26T04:33:29+08:00 110
 2417923
2026-08-26T04:38:29+08:00 110
 2417923
2026-08-26T04:43:29+08:00 110
 2417923
2026-08-26T04:48:29+08:00 110
 2417923
2026-08-26T04:53:29+08:00 110
 2417923
2026-08-26T04:58:29+08:00 110
 2417923
2026-08-26T05:03:29+08:00 110
 2417923
2026-08-26T05:08:29+08:00 110
 2417923
2026-08-26T05:13:29+08:00 110
 2417923
2026-08-26T05:18:29+08:00 110
 2417923
2026-08-26T05:23:29+08:00 110
 2417923
2026-08-26T05:28:29+08:00 110
 2417923
2026-08-26T05:33:29+08:00 110
 2417923
2026-08-26T05:38:29+08:00 110
 2417923
2026-08-26T05:43:29+08:00 110
 2417923
2026-08-26T05:48:29+08:00 110
 2417923
2026-08-26T05:53:29+08:00 110
 2417923
2026-08-26T05:58:29+08:00 110
 2417923
2026-08-26T06:03:29+08:00 110
 2417923
2026-08-26T06:08:29+08:00 110
 2417923
2026-08-26T06:13:29+08:00 110
 2417923
2026-08-26T06:18:29+08:00 110
 2417923
2026-08-26T06:23:29+08:00 110
 2417923
2026-08-26T06:28:29+08:00 110
 2417923
2026-08-26T06:33:29+08:00 110
 2417923
2026-08-26T06:38:30+08:00 110
 2417923
2026-08-26T06:43:30+08:00 110
 2417923
2026-08-26T06:48:30+08:00 110
 2417923
2026-08-26T06:53:30+08:00 110
 2417923
2026-08-26T06:58:30+08:00 110
 2417923
2026-08-26T07:03:30+08:00 110
 2417923
2026-08-26T07:08:30+08:00 110
 2417923
2026-08-26T07:13:30+08:00 110
 2417923
2026-08-26T07:18:30+08:00 110
 2417923
2026-08-26T07:23:30+08:00 110
 2417923
2026-08-26T07:28:30+08:00 110
 2417923
2026-08-26T07:33:30+08:00 110
 2417923
2026-08-26T07:38:30+08:00 110
 2417923
2026-08-26T07:43:30+08:00 110
 2417923
2026-08-26T07:48:30+08:00 110
 2417923
2026-08-26T07:53:30+08:00 110
 2417923
2026-08-26T07:58:30+08:00 110
 2417923
2026-08-26T08:03:30+08:00 110
 2417923
2026-08-26T08:08:30+08:00 110
 2417923
2026-08-26T08:13:30+08:00 110
 2417923
2026-08-26T08:18:30+08:00 110
 2417923
2026-08-26T08:23:30+08:00 110
 2417923
2026-08-26T08:28:30+08:00 110
 2417923
2026-08-26T08:33:30+08:00 110
 2417923
2026-08-26T08:38:30+08:00 110
 2417923
2026-08-26T08:43:30+08:00 110
 2417923
2026-08-26T08:48:30+08:00 110
 2417923
2026-08-26T08:53:30+08:00 110
 2417923
2026-08-26T08:58:30+08:00 110
 2417923
2026-08-26T09:03:30+08:00 110
 2417923
2026-08-26T09:08:30+08:00 110
 2417923
2026-08-26T09:13:30+08:00 110
 2417923
2026-08-26T09:18:30+08:00 110
 2417923
2026-08-26T09:23:30+08:00 110
 2417923
2026-08-26T09:28:30+08:00 110
 2417923
2026-08-26T09:33:30+08:00 110
 2417923
2026-08-26T09:38:30+08:00 110
 2417923
2026-08-26T09:43:30+08:00 110
 2417923
2026-08-26T09:48:31+08:00 110
 2417923
2026-08-26T09:53:31+08:00 110
 2417923
2026-08-26T09:58:31+08:00 110
 2417923
2026-08-26T10:03:31+08:00 110
 2417923
2026-08-26T10:08:31+08:00 110
 2417923
2026-08-26T10:13:31+08:00 110
 2417923
2026-08-26T10:18:31+08:00 110
 2417923
2026-08-26T10:23:31+08:00 110
 2417923
2026-08-26T10:28:31+08:00 110
 2417923
2026-08-26T10:33:31+08:00 110
 2417923
2026-08-26T10:38:31+08:00 110
 2417923
2026-08-26T10:43:31+08:00 110
 2417923
2026-08-26T10:48:31+08:00 110
 2417923
2026-08-26T10:53:31+08:00 110
 2417923
2026-08-26T10:58:31+08:00 110
 2417923
2026-08-26T11:03:31+08:00 110
 2417923
2026-08-26T11:08:31+08:00 110
 2417923
2026-08-26T11:13:31+08:00 110
 2417923
2026-08-26T11:18:31+08:00 110
 2417923
2026-08-26T11:23:31+08:00 110
 2417923
2026-08-26T11:28:31+08:00 110
 2417923
2026-08-26T11:33:31+08:00 110
 2417923
2026-08-26T11:38:31+08:00 110
 2417923
2026-08-26T11:43:31+08:00 110
 2417923
2026-08-26T11:48:31+08:00 110
 2417923
2026-08-26T11:53:31+08:00 110
 2417923
2026-08-26T11:58:31+08:00 110
 2417923
2026-08-26T12:03:31+08:00 110
 2417923
2026-08-26T12:08:31+08:00 110
 2417923
2026-08-26T12:13:32+08:00 110
 2417923
2026-08-26T12:18:32+08:00 110
 2417923
2026-08-26T12:23:32+08:00 110
 2417923
2026-08-26T12:28:32+08:00 110
 2417923
2026-08-26T12:33:32+08:00 110
 2417923
2026-08-26T12:38:32+08:00 110
 2417923
2026-08-26T12:43:32+08:00 110
 2417923
2026-08-26T12:48:32+08:00 110
 2417923
2026-08-26T12:53:32+08:00 110
 2417923
2026-08-26T12:58:32+08:00 110
 2417923
2026-08-26T13:03:32+08:00 110
 2417923
2026-08-26T13:08:32+08:00 110
 2417923
2026-08-26T13:13:32+08:00 110
 2417923
2026-08-26T13:18:32+08:00 110
 2417923
2026-08-26T13:23:32+08:00 110
 2417923
2026-08-26T13:28:33+08:00 110
 2417923
2026-08-26T13:33:33+08:00 110
 2417923
2026-08-26T13:38:33+08:00 110
 2417923
2026-08-26T13:43:33+08:00 110
 2417923
2026-08-26T13:48:33+08:00 110
 2417923
2026-08-26T13:53:33+08:00 110
 2417923
2026-08-26T13:58:33+08:00 110
 2417923
2026-08-26T14:03:33+08:00 110
 2417923
2026-08-26T14:08:33+08:00 110
 2417923
2026-08-26T14:13:33+08:00 110
 2417923
2026-08-26T14:18:33+08:00 110
 2417923
2026-08-26T14:23:33+08:00 110
 2417923
2026-08-26T14:28:33+08:00 110
 2417923
2026-08-26T14:33:33+08:00 110
 2417923
2026-08-26T14:38:33+08:00 110
 2417923
2026-08-26T14:43:33+08:00 110
 2417923
2026-08-26T14:48:33+08:00 110
 2417923
2026-08-26T14:53:33+08:00 110
 2417923
2026-08-26T14:58:33+08:00 110
 2417923
2026-08-26T15:03:33+08:00 110
 2417923
2026-08-26T15:08:33+08:00 110
 2417923
2026-08-26T15:13:33+08:00 110
 2417923
2026-08-26T15:18:33+08:00 110
 2417923
2026-08-26T15:23:33+08:00 110
 2417923
2026-08-26T15:28:33+08:00 110
 2417923
2026-08-26T15:33:34+08:00 110
 2417923
2026-08-26T15:38:34+08:00 110
 2417923
2026-08-26T15:43:34+08:00 110
 2417923
2026-08-26T15:48:34+08:00 110
 2417923
2026-08-26T15:53:34+08:00 110
 2417923
2026-08-26T15:58:34+08:00 110
 2417923
2026-08-26T16:03:34+08:00 110
 2417923
2026-08-26T16:08:34+08:00 110
 2417923
2026-08-26T16:13:34+08:00 110
 2417923
2026-08-26T16:18:34+08:00 110
 2417923
2026-08-26T16:23:34+08:00 110
 2417923
2026-08-26T16:28:34+08:00 110
 2417923
2026-08-26T16:33:34+08:00 110
 2417923
2026-08-26T16:38:34+08:00 110
 2417923
2026-08-26T16:43:34+08:00 110
 2417923
2026-08-26T16:48:34+08:00 110
 2417923
2026-08-26T16:53:34+08:00 110
 2417923
2026-08-26T16:58:34+08:00 110
 2417923
2026-08-26T17:03:34+08:00 110
 2417923
2026-08-26T17:08:34+08:00 110
 2417923
2026-08-26T17:13:34+08:00 110
 2417923
2026-08-26T17:18:34+08:00 110
 2417923
2026-08-26T17:23:34+08:00 110
 2417923
2026-08-26T17:28:34+08:00 110
 2417923
2026-08-26T17:33:34+08:00 110
 2417923
2026-08-26T17:38:34+08:00 110
 2417923
2026-08-26T17:43:34+08:00 110
 2417923
2026-08-26T17:48:34+08:00 110
 2417923
2026-08-26T17:53:35+08:00 110
 2417923
2026-08-26T17:58:35+08:00 110
 2417923
2026-08-26T18:03:35+08:00 110
 2417923
2026-08-26T18:08:35+08:00 110
 2417923
2026-08-26T18:13:35+08:00 110
 2417923
2026-08-26T18:18:35+08:00 110
 2417923
2026-08-26T18:23:35+08:00 110
 2417923
2026-08-26T18:28:35+08:00 110
 2417923
2026-08-26T18:33:35+08:00 110
 2417923
2026-08-26T18:38:35+08:00 110
 2417923
2026-08-26T18:43:35+08:00 110
 2417923
2026-08-26T18:48:35+08:00 110
 2417923
2026-08-26T18:53:35+08:00 110
 2417923
2026-08-26T18:58:35+08:00 110
 2417923
2026-08-26T19:03:35+08:00 110
 2417923
2026-08-26T19:08:35+08:00 110
 2417923
2026-08-26T19:13:35+08:00 110
 2417923
2026-08-26T19:18:35+08:00 110
 2417923
2026-08-26T19:23:35+08:00 110
 2417923
2026-08-26T19:28:35+08:00 110
 2417923
2026-08-26T19:33:35+08:00 110
 2417923
2026-08-26T19:38:35+08:00 110
 2417923
2026-08-26T19:43:35+08:00 110
 2417923
2026-08-26T19:48:35+08:00 110
 2417923
2026-08-26T19:53:35+08:00 110
 2417923
2026-08-26T19:58:35+08:00 110
 2417923
2026-08-26T20:03:35+08:00 110
 2417923
2026-08-26T20:08:35+08:00 110
 2417923
2026-08-26T20:13:35+08:00 110
 2417923
2026-08-26T20:18:35+08:00 110
 2417923
2026-08-26T20:23:36+08:00 110
 2417923
2026-08-26T20:28:36+08:00 110
 2417923
2026-08-26T20:33:36+08:00 110
 2417923
2026-08-26T20:38:36+08:00 110
 2417923
2026-08-26T20:43:36+08:00 110
 2417923
2026-08-26T20:48:36+08:00 110
 2417923
2026-08-26T20:53:36+08:00 110
 2417923
2026-08-26T20:58:36+08:00 110
 2417923
2026-08-26T21:03:36+08:00 110
 2417923
2026-08-26T21:08:36+08:00 110
 2417923
2026-08-26T21:13:36+08:00 110
 2417923
2026-08-26T21:18:36+08:00 110
 2417923
2026-08-26T21:23:36+08:00 110
 2417923
2026-08-26T21:28:36+08:00 110
 2417923
2026-08-26T21:33:36+08:00 110
 2417923
2026-08-26T21:38:36+08:00 110
 2417923
2026-08-26T21:43:36+08:00 110
 2417923
2026-08-26T21:48:36+08:00 110
 2417923
2026-08-26T21:53:36+08:00 110
 2417923
2026-08-26T21:58:36+08:00 110
 2417923
2026-08-26T22:03:36+08:00 110
 2417923
2026-08-26T22:08:36+08:00 110
 2417923
2026-08-26T22:13:36+08:00 110
 2417923
2026-08-26T22:18:36+08:00 110
 2417923
2026-08-26T22:23:36+08:00 110
 2417923
2026-08-26T22:28:36+08:00 110
 2417923
2026-08-26T22:33:36+08:00 110
 2417923
2026-08-26T22:38:36+08:00 110
 2417923
2026-08-26T22:43:37+08:00 110
 2417923
2026-08-26T22:48:37+08:00 110
 2417923
2026-08-26T22:53:37+08:00 110
 2417923
2026-08-26T22:58:37+08:00 110
 2417923
2026-08-26T23:03:37+08:00 110
 2417923
2026-08-26T23:08:37+08:00 110
 2417923
2026-08-26T23:13:37+08:00 110
 2417923
2026-08-26T23:18:37+08:00 110
 2417923
2026-08-26T23:23:37+08:00 110
 2417923
2026-08-26T23:28:37+08:00 110
 2417923
2026-08-26T23:33:37+08:00 110
 2417923
2026-08-26T23:38:37+08:00 110
 2417923
2026-08-26T23:43:37+08:00 110
 2417923
2026-08-26T23:48:37+08:00 110
 2417923
2026-08-26T23:53:37+08:00 110
 2417923
2026-08-26T23:58:37+08:00 110
 2417923
2026-08-27T00:03:37+08:00 110
 2417923
2026-08-27T00:08:37+08:00 110
 2417923
2026-08-27T00:13:37+08:00 110
 2417923
2026-08-27T00:18:37+08:00 110
 2417923
2026-08-27T00:23:38+08:00 110
 2417923
2026-08-27T00:28:38+08:00 110
 2417923
2026-08-27T00:33:38+08:00 110
 2417923
2026-08-27T00:38:38+08:00 110
 2417923
2026-08-27T00:43:38+08:00 110
 2417923
2026-08-27T00:48:38+08:00 110
 2417923
2026-08-27T00:53:38+08:00 110
 2417923
2026-08-27T00:58:38+08:00 110
 2417923
2026-08-27T01:03:38+08:00 110
 2417923
2026-08-27T01:08:38+08:00 110
 2417923
2026-08-27T01:13:38+08:00 110
 2417923
2026-08-27T01:18:38+08:00 110
 2417923
2026-08-27T01:23:38+08:00 110
 2417923
2026-08-27T01:28:38+08:00 110
 2417923
2026-08-27T01:33:38+08:00 110
 2417923
2026-08-27T01:38:38+08:00 110
 2417923
2026-08-27T01:43:38+08:00 110
 2417923
2026-08-27T01:48:38+08:00 110
 2417923
2026-08-27T01:53:38+08:00 110
 2417923
2026-08-27T01:58:38+08:00 110
 2417923
2026-08-27T02:03:38+08:00 110
 2417923
2026-08-27T02:08:38+08:00 110
 2417923
2026-08-27T02:13:38+08:00 110
 2417923
2026-08-27T02:18:38+08:00 110
 2417923
2026-08-27T02:23:39+08:00 110
 2417923
2026-08-27T02:28:39+08:00 110
 2417923
2026-08-27T02:33:39+08:00 110
 2417923
2026-08-27T02:38:39+08:00 110
 2417923
2026-08-27T02:43:39+08:00 110
 2417923
2026-08-27T02:48:39+08:00 110
 2417923
2026-08-27T02:53:39+08:00 110
 2417923
2026-08-27T02:58:39+08:00 110
 2417923
2026-08-27T03:03:39+08:00 110
 2417923
2026-08-27T03:08:39+08:00 110
 2417923
2026-08-27T03:13:39+08:00 110
 2417923
2026-08-27T03:18:39+08:00 110
 2417923
2026-08-27T03:23:39+08:00 110
 2417923
2026-08-27T03:28:39+08:00 110
 2417923
2026-08-27T03:33:39+08:00 110
 2417923
2026-08-27T03:38:39+08:00 110
 2417923
2026-08-27T03:43:39+08:00 110
 2417923
2026-08-27T03:48:39+08:00 110
 2417923
2026-08-27T03:53:39+08:00 110
 2417923
2026-08-27T03:58:39+08:00 110
 2417923
2026-08-27T04:03:39+08:00 110
 2417923
2026-08-27T04:08:39+08:00 110
 2417923
2026-08-27T04:13:39+08:00 110
 2417923
2026-08-27T04:18:39+08:00 110
 2417923
2026-08-27T04:23:39+08:00 110
 2417923
2026-08-27T04:28:39+08:00 110
 2417923
2026-08-27T04:33:39+08:00 110
 2417923
2026-08-27T04:38:40+08:00 110
 2417923
2026-08-27T04:43:40+08:00 110
 2417923
2026-08-27T04:48:40+08:00 110
 2417923
2026-08-27T04:53:40+08:00 110
 2417923
2026-08-27T04:58:40+08:00 110
 2417923
2026-08-27T05:03:40+08:00 110
 2417923
2026-08-27T05:08:40+08:00 110
 2417923
2026-08-27T05:13:40+08:00 110
 2417923
2026-08-27T05:18:40+08:00 110
 2417923
2026-08-27T05:23:40+08:00 110
 2417923
2026-08-27T05:28:40+08:00 110
 2417923
2026-08-27T05:33:40+08:00 110
 2417923
2026-08-27T05:38:40+08:00 110
 2417923
2026-08-27T05:43:40+08:00 110
 2417923
2026-08-27T05:48:40+08:00 110
 2417923
2026-08-27T05:53:40+08:00 110
 2417923
2026-08-27T05:58:40+08:00 110
 2417923
2026-08-27T06:03:40+08:00 110
 2417923
2026-08-27T06:08:40+08:00 110
 2417923
2026-08-27T06:13:40+08:00 110
 2417923
2026-08-27T06:18:40+08:00 110
 2417923
2026-08-27T06:23:40+08:00 110
 2417923
2026-08-27T06:28:40+08:00 110
 2417923
2026-08-27T06:33:40+08:00 110
 2417923
2026-08-27T06:38:40+08:00 110
 2417923
2026-08-27T06:43:40+08:00 110
 2417923
2026-08-27T06:48:40+08:00 110
 2417923
2026-08-27T06:53:40+08:00 110
 2417923
2026-08-27T06:58:40+08:00 110
 2417923
2026-08-27T07:03:40+08:00 110
 2417923
2026-08-27T07:08:40+08:00 110
 2417923
2026-08-27T07:13:41+08:00 110
 2417923
2026-08-27T07:18:41+08:00 110
 2417923
2026-08-27T07:23:41+08:00 110
 2417923
2026-08-27T07:28:41+08:00 110
 2417923
2026-08-27T07:33:41+08:00 110
 2417923
2026-08-27T07:38:41+08:00 110
 2417923
2026-08-27T07:43:41+08:00 110
 2417923
2026-08-27T07:48:41+08:00 110
 2417923
2026-08-27T07:53:41+08:00 110
 2417923
2026-08-27T07:58:41+08:00 110
 2417923
2026-08-27T08:03:41+08:00 110
 2417923
2026-08-27T08:08:41+08:00 110
 2417923
2026-08-27T08:13:41+08:00 110
 2417923
2026-08-27T08:18:41+08:00 110
 2417923
2026-08-27T08:23:41+08:00 110
 2417923
2026-08-27T08:28:41+08:00 110
 2417923
2026-08-27T08:33:41+08:00 110
 2417923
2026-08-27T08:38:41+08:00 110
 2417923
2026-08-27T08:43:41+08:00 110
 2417923
2026-08-27T08:48:41+08:00 110
 2417923
2026-08-27T08:53:41+08:00 110
 2417923
2026-08-27T08:58:41+08:00 110
 2417923
2026-08-27T09:03:41+08:00 110
 2417923
2026-08-27T09:08:41+08:00 110
 2417923
2026-08-27T09:13:41+08:00 110
 2417923
2026-08-27T09:18:41+08:00 110
 2417923
2026-08-27T09:23:41+08:00 110
 2417923
2026-08-27T09:28:41+08:00 110
 2417923
2026-08-27T09:33:41+08:00 110
 2417923
2026-08-27T09:38:41+08:00 110
 2417923
2026-08-27T09:43:41+08:00 110
 2417923
2026-08-27T09:48:42+08:00 110
 2417923
2026-08-27T09:53:42+08:00 110
 2417923
2026-08-27T09:58:42+08:00 110
 2417923
2026-08-27T10:03:42+08:00 110
 2417923
2026-08-27T10:08:42+08:00 110
 2417923
2026-08-27T10:13:42+08:00 110
 2417923
2026-08-27T10:18:42+08:00 110
 2417923
2026-08-27T10:23:42+08:00 110
 2417923
2026-08-27T10:28:42+08:00 110
 2417923
2026-08-27T10:33:42+08:00 110
 2417923
2026-08-27T10:38:42+08:00 110
 2417923
2026-08-27T10:43:42+08:00 110
 2417923
2026-08-27T10:48:42+08:00 110
 2417923
2026-08-27T10:53:42+08:00 110
 2417923
2026-08-27T10:58:42+08:00 110
 2417923
2026-08-27T11:03:42+08:00 110
 2417923
2026-08-27T11:08:42+08:00 110
 2417923
2026-08-27T11:13:42+08:00 110
 2417923
2026-08-27T11:18:42+08:00 110
 2417923
2026-08-27T11:23:42+08:00 110
 2417923
2026-08-27T11:28:42+08:00 110
 2417923
2026-08-27T11:33:42+08:00 110
 2417923
2026-08-27T11:38:42+08:00 110
 2417923
2026-08-27T11:43:42+08:00 110
 2417923
2026-08-27T11:48:42+08:00 110
 2417923
2026-08-27T11:53:42+08:00 110
 2417923
2026-08-27T11:58:43+08:00 110
 2417923
2026-08-27T12:03:43+08:00 110
 2417923
2026-08-27T12:08:43+08:00 110
 2417923
2026-08-27T12:13:43+08:00 110
 2417923
2026-08-27T12:18:43+08:00 110
 2417923
2026-08-27T12:23:43+08:00 110
 2417923
2026-08-27T12:28:43+08:00 110
 2417923
2026-08-27T12:33:43+08:00 110
 2417923
2026-08-27T12:38:43+08:00 110
 2417923
2026-08-27T12:43:43+08:00 110
 2417923
2026-08-27T12:48:43+08:00 110
 2417923
2026-08-27T12:53:43+08:00 110
 2417923
2026-08-27T12:58:43+08:00 110
 2417923
2026-08-27T13:03:43+08:00 110
 2417923
2026-08-27T13:08:43+08:00 110
 2417923
2026-08-27T13:13:43+08:00 110
 2417923
2026-08-27T13:18:43+08:00 110
 2417923
2026-08-27T13:23:43+08:00 110
 2417923
2026-08-27T13:28:43+08:00 110
 2417923
2026-08-27T13:33:43+08:00 110
 2417923
2026-08-27T13:38:43+08:00 110
 2417923
2026-08-27T13:43:43+08:00 110
 2417923
2026-08-27T13:48:43+08:00 110
 2417923
2026-08-27T13:53:43+08:00 110
 2417923
2026-08-27T13:58:44+08:00 110
 2417923
2026-08-27T14:03:44+08:00 110
 2417923
2026-08-27T14:08:44+08:00 110
 2417923
2026-08-27T14:13:44+08:00 110
 2417923
2026-08-27T14:18:44+08:00 110
 2417923
2026-08-27T14:23:44+08:00 110
 2417923
2026-08-27T14:28:44+08:00 110
 2417923
2026-08-27T14:33:44+08:00 110
 2417923
2026-08-27T14:38:44+08:00 110
 2417923
2026-08-27T14:43:44+08:00 110
 2417923
2026-08-27T14:48:44+08:00 110
 2417923
2026-08-27T14:53:44+08:00 110
 2417923
2026-08-27T14:58:44+08:00 110
 2417923
2026-08-27T15:03:44+08:00 110
 2417923
2026-08-27T15:08:44+08:00 110
 2417923
2026-08-27T15:13:44+08:00 110
 2417923
2026-08-27T15:18:44+08:00 110
 2417923
2026-08-27T15:23:44+08:00 110
 2417923
2026-08-27T15:28:44+08:00 110
 2417923
2026-08-27T15:33:45+08:00 110
 2417923
2026-08-27T15:38:45+08:00 110
 2417923
2026-08-27T15:43:45+08:00 110
 2417923
2026-08-27T15:48:45+08:00 110
 2417923
2026-08-27T15:53:45+08:00 110
 2417923
2026-08-27T15:58:45+08:00 110
 2417923
2026-08-27T16:03:45+08:00 110
 2417923
2026-08-27T16:08:45+08:00 110
 2417923
2026-08-27T16:13:45+08:00 110
 2417923
2026-08-27T16:18:45+08:00 110
 2417923
2026-08-27T16:23:45+08:00 110
 2417923
2026-08-27T16:28:45+08:00 110
 2417923
2026-08-27T16:33:45+08:00 110
 2417923
2026-08-27T16:38:45+08:00 110
 2417923
2026-08-27T16:43:45+08:00 110
 2417923
2026-08-27T16:48:45+08:00 110
 2417923
2026-08-27T16:53:45+08:00 110
 2417923
2026-08-27T16:58:45+08:00 110
 2417923
2026-08-27T17:03:45+08:00 110
 2417923
