2026-08-25T05:17:15+08:00 b0=30
{"attempt_id": "387067f76bf3", "context_index": 1, "event": "ATTEMPT_START", "method": "B0", "namespace": "mab-v13-firstpass-context1-c1-b0-387067f76bf3", "run_id": "firstpass-cont
2026-08-25T05:27:15+08:00 b0=39
{"attempt_id": "387067f76bf3", "context_index": 1, "event": "ATTEMPT_START", "method": "B0", "namespace": "mab-v13-firstpass-context1-c1-b0-387067f76bf3", "run_id": "firstpass-cont
2026-08-25T05:37:15+08:00 b0=46
{"attempt_id": "387067f76bf3", "context_index": 1, "event": "ATTEMPT_START", "method": "B0", "namespace": "mab-v13-firstpass-context1-c1-b0-387067f76bf3", "run_id": "firstpass-cont
2026-08-25T05:47:15+08:00 b0=49
{"attempt_id": "6f000a37636d", "context_index": 1, "event": "ATTEMPT_START", "method": "B1", "namespace": "mab-v13-firstpass-context1-c1-b1-6f000a37636d", "run_id": "firstpass-cont
2026-08-25T05:57:15+08:00 b0=49
{"attempt_id": "6db1005726a9", "context_index": 1, "event": "ATTEMPT_START", "method": "V6", "namespace": "mab-v13-firstpass-context1-c1-v6-6db1005726a9", "run_id": "firstpass-cont
2026-08-25T06:07:15+08:00 b0=49
{"attempt_id": "6db1005726a9", "context_index": 1, "event": "ATTEMPT_START", "method": "V6", "namespace": "mab-v13-firstpass-context1-c1-v6-6db1005726a9", "run_id": "firstpass-cont
2026-08-25T06:17:15+08:00 b0=49
{"attempt_id": "6db1005726a9", "context_index": 1, "event": "ATTEMPT_START", "method": "V6", "namespace": "mab-v13-firstpass-context1-c1-v6-6db1005726a9", "run_id": "firstpass-cont
2026-08-25T06:27:15+08:00 b0=49
{"attempt_id": "6db1005726a9", "context_index": 1, "event": "ATTEMPT_START", "method": "V6", "namespace": "mab-v13-firstpass-context1-c1-v6-6db1005726a9", "run_id": "firstpass-cont
2026-08-25T06:37:15+08:00 b0=49
{"attempt_id": "6db1005726a9", "context_index": 1, "event": "ATTEMPT_START", "method": "V6", "namespace": "mab-v13-firstpass-context1-c1-v6-6db1005726a9", "run_id": "firstpass-cont
2026-08-25T06:47:15+08:00 b0=49
{"attempt_id": "6db1005726a9", "context_index": 1, "event": "ATTEMPT_START", "method": "V6", "namespace": "mab-v13-firstpass-context1-c1-v6-6db1005726a9", "run_id": "firstpass-cont
2026-08-25T06:57:15+08:00 b0=49
{"attempt_id": "6db1005726a9", "context_index": 1, "event": "ATTEMPT_START", "method": "V6", "namespace": "mab-v13-firstpass-context1-c1-v6-6db1005726a9", "run_id": "firstpass-cont
2026-08-25T07:07:15+08:00 b0=49
{"attempt_id": "6db1005726a9", "context_index": 1, "event": "ATTEMPT_START", "method": "V6", "namespace": "mab-v13-firstpass-context1-c1-v6-6db1005726a9", "run_id": "firstpass-cont
2026-08-25T07:17:15+08:00 b0=49
{"attempt_id": "6db1005726a9", "context_index": 1, "event": "ATTEMPT_START", "method": "V6", "namespace": "mab-v13-firstpass-context1-c1-v6-6db1005726a9", "run_id": "firstpass-cont
2026-08-25T07:27:15+08:00 b0=49
{"attempt_id": "6db1005726a9", "build_makespan_ns": 5520666216401, "context_index": 1, "ended_at_ns": 79502590479708, "event": "ATTEMPT_COMPLETE", "method": "V6", "namespace": "mab
2026-08-25T07:37:15+08:00 b0=49
{"attempt_id": "6db1005726a9", "build_makespan_ns": 5520666216401, "context_index": 1, "ended_at_ns": 79502590479708, "event": "ATTEMPT_COMPLETE", "method": "V6", "namespace": "mab
2026-08-25T07:47:15+08:00 b0=49
{"attempt_id": "6db1005726a9", "build_makespan_ns": 5520666216401, "context_index": 1, "ended_at_ns": 79502590479708, "event": "ATTEMPT_COMPLETE", "method": "V6", "namespace": "mab
2026-08-25T07:57:15+08:00 b0=49
{"attempt_id": "6db1005726a9", "build_makespan_ns": 5520666216401, "context_index": 1, "ended_at_ns": 79502590479708, "event": "ATTEMPT_COMPLETE", "method": "V6", "namespace": "mab
2026-08-25T08:07:15+08:00 b0=49
{"attempt_id": "6db1005726a9", "build_makespan_ns": 5520666216401, "context_index": 1, "ended_at_ns": 79502590479708, "event": "ATTEMPT_COMPLETE", "method": "V6", "namespace": "mab
2026-08-25T08:17:15+08:00 b0=49
{"attempt_id": "6db1005726a9", "build_makespan_ns": 5520666216401, "context_index": 1, "ended_at_ns": 79502590479708, "event": "ATTEMPT_COMPLETE", "method": "V6", "namespace": "mab
2026-08-25T08:27:15+08:00 b0=49
{"attempt_id": "6db1005726a9", "build_makespan_ns": 5520666216401, "context_index": 1, "ended_at_ns": 79502590479708, "event": "ATTEMPT_COMPLETE", "method": "V6", "namespace": "mab
2026-08-25T08:37:15+08:00 b0=49
{"attempt_id": "6db1005726a9", "build_makespan_ns": 5520666216401, "context_index": 1, "ended_at_ns": 79502590479708, "event": "ATTEMPT_COMPLETE", "method": "V6", "namespace": "mab
2026-08-25T08:47:15+08:00 b0=49
{"attempt_id": "6db1005726a9", "build_makespan_ns": 5520666216401, "context_index": 1, "ended_at_ns": 79502590479708, "event": "ATTEMPT_COMPLETE", "method": "V6", "namespace": "mab
2026-08-25T08:57:15+08:00 b0=49
{"attempt_id": "6db1005726a9", "build_makespan_ns": 5520666216401, "context_index": 1, "ended_at_ns": 79502590479708, "event": "ATTEMPT_COMPLETE", "method": "V6", "namespace": "mab
2026-08-25T09:07:15+08:00 b0=49
{"attempt_id": "6db1005726a9", "build_makespan_ns": 5520666216401, "context_index": 1, "ended_at_ns": 79502590479708, "event": "ATTEMPT_COMPLETE", "method": "V6", "namespace": "mab
2026-08-25T09:17:15+08:00 b0=49
{"attempt_id": "6db1005726a9", "build_makespan_ns": 5520666216401, "context_index": 1, "ended_at_ns": 79502590479708, "event": "ATTEMPT_COMPLETE", "method": "V6", "namespace": "mab
2026-08-25T09:27:15+08:00 b0=49
{"attempt_id": "6db1005726a9", "build_makespan_ns": 5520666216401, "context_index": 1, "ended_at_ns": 79502590479708, "event": "ATTEMPT_COMPLETE", "method": "V6", "namespace": "mab
2026-08-25T09:37:15+08:00 b0=49
{"attempt_id": "6db1005726a9", "build_makespan_ns": 5520666216401, "context_index": 1, "ended_at_ns": 79502590479708, "event": "ATTEMPT_COMPLETE", "method": "V6", "namespace": "mab
2026-08-25T09:47:15+08:00 b0=49
{"attempt_id": "6db1005726a9", "build_makespan_ns": 5520666216401, "context_index": 1, "ended_at_ns": 79502590479708, "event": "ATTEMPT_COMPLETE", "method": "V6", "namespace": "mab
2026-08-25T09:57:15+08:00 b0=49
{"attempt_id": "6db1005726a9", "build_makespan_ns": 5520666216401, "context_index": 1, "ended_at_ns": 79502590479708, "event": "ATTEMPT_COMPLETE", "method": "V6", "namespace": "mab
2026-08-25T10:07:15+08:00 b0=49
{"attempt_id": "6db1005726a9", "build_makespan_ns": 5520666216401, "context_index": 1, "ended_at_ns": 79502590479708, "event": "ATTEMPT_COMPLETE", "method": "V6", "namespace": "mab
2026-08-25T10:17:15+08:00 b0=49
{"attempt_id": "6db1005726a9", "build_makespan_ns": 5520666216401, "context_index": 1, "ended_at_ns": 79502590479708, "event": "ATTEMPT_COMPLETE", "method": "V6", "namespace": "mab
2026-08-25T10:27:15+08:00 b0=49
{"attempt_id": "6db1005726a9", "build_makespan_ns": 5520666216401, "context_index": 1, "ended_at_ns": 79502590479708, "event": "ATTEMPT_COMPLETE", "method": "V6", "namespace": "mab
2026-08-25T10:37:15+08:00 b0=49
{"attempt_id": "6db1005726a9", "build_makespan_ns": 5520666216401, "context_index": 1, "ended_at_ns": 79502590479708, "event": "ATTEMPT_COMPLETE", "method": "V6", "namespace": "mab
2026-08-25T10:47:15+08:00 b0=49
{"attempt_id": "6db1005726a9", "build_makespan_ns": 5520666216401, "context_index": 1, "ended_at_ns": 79502590479708, "event": "ATTEMPT_COMPLETE", "method": "V6", "namespace": "mab
2026-08-25T10:57:15+08:00 b0=49
{"attempt_id": "6db1005726a9", "build_makespan_ns": 5520666216401, "context_index": 1, "ended_at_ns": 79502590479708, "event": "ATTEMPT_COMPLETE", "method": "V6", "namespace": "mab
2026-08-25T11:07:15+08:00 b0=49
{"attempt_id": "6db1005726a9", "build_makespan_ns": 5520666216401, "context_index": 1, "ended_at_ns": 79502590479708, "event": "ATTEMPT_COMPLETE", "method": "V6", "namespace": "mab
2026-08-25T11:17:15+08:00 b0=49
{"attempt_id": "6db1005726a9", "build_makespan_ns": 5520666216401, "context_index": 1, "ended_at_ns": 79502590479708, "event": "ATTEMPT_COMPLETE", "method": "V6", "namespace": "mab
2026-08-25T11:27:15+08:00 b0=49
{"attempt_id": "6db1005726a9", "build_makespan_ns": 5520666216401, "context_index": 1, "ended_at_ns": 79502590479708, "event": "ATTEMPT_COMPLETE", "method": "V6", "namespace": "mab
2026-08-25T11:37:15+08:00 b0=49
{"attempt_id": "6db1005726a9", "build_makespan_ns": 5520666216401, "context_index": 1, "ended_at_ns": 79502590479708, "event": "ATTEMPT_COMPLETE", "method": "V6", "namespace": "mab
2026-08-25T11:47:15+08:00 b0=49
{"attempt_id": "6db1005726a9", "build_makespan_ns": 5520666216401, "context_index": 1, "ended_at_ns": 79502590479708, "event": "ATTEMPT_COMPLETE", "method": "V6", "namespace": "mab
2026-08-25T11:57:15+08:00 b0=49
{"attempt_id": "6db1005726a9", "build_makespan_ns": 5520666216401, "context_index": 1, "ended_at_ns": 79502590479708, "event": "ATTEMPT_COMPLETE", "method": "V6", "namespace": "mab
2026-08-25T12:07:15+08:00 b0=49
{"attempt_id": "6db1005726a9", "build_makespan_ns": 5520666216401, "context_index": 1, "ended_at_ns": 79502590479708, "event": "ATTEMPT_COMPLETE", "method": "V6", "namespace": "mab
2026-08-25T12:17:15+08:00 b0=49
{"attempt_id": "6db1005726a9", "build_makespan_ns": 5520666216401, "context_index": 1, "ended_at_ns": 79502590479708, "event": "ATTEMPT_COMPLETE", "method": "V6", "namespace": "mab
2026-08-25T12:27:15+08:00 b0=49
{"attempt_id": "6db1005726a9", "build_makespan_ns": 5520666216401, "context_index": 1, "ended_at_ns": 79502590479708, "event": "ATTEMPT_COMPLETE", "method": "V6", "namespace": "mab
2026-08-25T12:37:15+08:00 b0=49
{"attempt_id": "6db1005726a9", "build_makespan_ns": 5520666216401, "context_index": 1, "ended_at_ns": 79502590479708, "event": "ATTEMPT_COMPLETE", "method": "V6", "namespace": "mab
2026-08-25T12:47:15+08:00 b0=49
{"attempt_id": "6db1005726a9", "build_makespan_ns": 5520666216401, "context_index": 1, "ended_at_ns": 79502590479708, "event": "ATTEMPT_COMPLETE", "method": "V6", "namespace": "mab
2026-08-25T12:57:15+08:00 b0=49
{"attempt_id": "6db1005726a9", "build_makespan_ns": 5520666216401, "context_index": 1, "ended_at_ns": 79502590479708, "event": "ATTEMPT_COMPLETE", "method": "V6", "namespace": "mab
2026-08-25T13:07:15+08:00 b0=49
{"attempt_id": "6db1005726a9", "build_makespan_ns": 5520666216401, "context_index": 1, "ended_at_ns": 79502590479708, "event": "ATTEMPT_COMPLETE", "method": "V6", "namespace": "mab
2026-08-25T13:17:15+08:00 b0=49
{"attempt_id": "6db1005726a9", "build_makespan_ns": 5520666216401, "context_index": 1, "ended_at_ns": 79502590479708, "event": "ATTEMPT_COMPLETE", "method": "V6", "namespace": "mab
2026-08-25T13:27:15+08:00 b0=49
{"attempt_id": "6db1005726a9", "build_makespan_ns": 5520666216401, "context_index": 1, "ended_at_ns": 79502590479708, "event": "ATTEMPT_COMPLETE", "method": "V6", "namespace": "mab
2026-08-25T13:37:15+08:00 b0=49
{"attempt_id": "6db1005726a9", "build_makespan_ns": 5520666216401, "context_index": 1, "ended_at_ns": 79502590479708, "event": "ATTEMPT_COMPLETE", "method": "V6", "namespace": "mab
2026-08-25T13:47:15+08:00 b0=49
{"attempt_id": "6db1005726a9", "build_makespan_ns": 5520666216401, "context_index": 1, "ended_at_ns": 79502590479708, "event": "ATTEMPT_COMPLETE", "method": "V6", "namespace": "mab
2026-08-25T13:57:15+08:00 b0=49
{"attempt_id": "6db1005726a9", "build_makespan_ns": 5520666216401, "context_index": 1, "ended_at_ns": 79502590479708, "event": "ATTEMPT_COMPLETE", "method": "V6", "namespace": "mab
2026-08-25T14:07:15+08:00 b0=49
{"attempt_id": "6db1005726a9", "build_makespan_ns": 5520666216401, "context_index": 1, "ended_at_ns": 79502590479708, "event": "ATTEMPT_COMPLETE", "method": "V6", "namespace": "mab
2026-08-25T14:17:15+08:00 b0=49
{"attempt_id": "6db1005726a9", "build_makespan_ns": 5520666216401, "context_index": 1, "ended_at_ns": 79502590479708, "event": "ATTEMPT_COMPLETE", "method": "V6", "namespace": "mab
2026-08-25T14:27:15+08:00 b0=49
{"attempt_id": "6db1005726a9", "build_makespan_ns": 5520666216401, "context_index": 1, "ended_at_ns": 79502590479708, "event": "ATTEMPT_COMPLETE", "method": "V6", "namespace": "mab
2026-08-25T14:37:15+08:00 b0=49
{"attempt_id": "6db1005726a9", "build_makespan_ns": 5520666216401, "context_index": 1, "ended_at_ns": 79502590479708, "event": "ATTEMPT_COMPLETE", "method": "V6", "namespace": "mab
2026-08-25T14:47:15+08:00 b0=49
{"attempt_id": "6db1005726a9", "build_makespan_ns": 5520666216401, "context_index": 1, "ended_at_ns": 79502590479708, "event": "ATTEMPT_COMPLETE", "method": "V6", "namespace": "mab
2026-08-25T14:57:15+08:00 b0=49
{"attempt_id": "6db1005726a9", "build_makespan_ns": 5520666216401, "context_index": 1, "ended_at_ns": 79502590479708, "event": "ATTEMPT_COMPLETE", "method": "V6", "namespace": "mab
2026-08-25T15:07:15+08:00 b0=49
{"attempt_id": "6db1005726a9", "build_makespan_ns": 5520666216401, "context_index": 1, "ended_at_ns": 79502590479708, "event": "ATTEMPT_COMPLETE", "method": "V6", "namespace": "mab
2026-08-25T15:17:15+08:00 b0=49
{"attempt_id": "6db1005726a9", "build_makespan_ns": 5520666216401, "context_index": 1, "ended_at_ns": 79502590479708, "event": "ATTEMPT_COMPLETE", "method": "V6", "namespace": "mab
2026-08-25T15:27:15+08:00 b0=49
{"attempt_id": "6db1005726a9", "build_makespan_ns": 5520666216401, "context_index": 1, "ended_at_ns": 79502590479708, "event": "ATTEMPT_COMPLETE", "method": "V6", "namespace": "mab
2026-08-25T15:37:15+08:00 b0=49
{"attempt_id": "6db1005726a9", "build_makespan_ns": 5520666216401, "context_index": 1, "ended_at_ns": 79502590479708, "event": "ATTEMPT_COMPLETE", "method": "V6", "namespace": "mab
2026-08-25T15:47:15+08:00 b0=49
{"attempt_id": "6db1005726a9", "build_makespan_ns": 5520666216401, "context_index": 1, "ended_at_ns": 79502590479708, "event": "ATTEMPT_COMPLETE", "method": "V6", "namespace": "mab
2026-08-25T15:57:15+08:00 b0=49
{"attempt_id": "6db1005726a9", "build_makespan_ns": 5520666216401, "context_index": 1, "ended_at_ns": 79502590479708, "event": "ATTEMPT_COMPLETE", "method": "V6", "namespace": "mab
2026-08-25T16:07:15+08:00 b0=49
{"attempt_id": "6db1005726a9", "build_makespan_ns": 5520666216401, "context_index": 1, "ended_at_ns": 79502590479708, "event": "ATTEMPT_COMPLETE", "method": "V6", "namespace": "mab
2026-08-25T16:17:15+08:00 b0=49
{"attempt_id": "6db1005726a9", "build_makespan_ns": 5520666216401, "context_index": 1, "ended_at_ns": 79502590479708, "event": "ATTEMPT_COMPLETE", "method": "V6", "namespace": "mab
2026-08-25T16:27:15+08:00 b0=49
{"attempt_id": "6db1005726a9", "build_makespan_ns": 5520666216401, "context_index": 1, "ended_at_ns": 79502590479708, "event": "ATTEMPT_COMPLETE", "method": "V6", "namespace": "mab
2026-08-25T16:37:15+08:00 b0=49
{"attempt_id": "6db1005726a9", "build_makespan_ns": 5520666216401, "context_index": 1, "ended_at_ns": 79502590479708, "event": "ATTEMPT_COMPLETE", "method": "V6", "namespace": "mab
2026-08-25T16:47:15+08:00 b0=49
{"attempt_id": "6db1005726a9", "build_makespan_ns": 5520666216401, "context_index": 1, "ended_at_ns": 79502590479708, "event": "ATTEMPT_COMPLETE", "method": "V6", "namespace": "mab
2026-08-25T16:57:15+08:00 b0=49
{"attempt_id": "6db1005726a9", "build_makespan_ns": 5520666216401, "context_index": 1, "ended_at_ns": 79502590479708, "event": "ATTEMPT_COMPLETE", "method": "V6", "namespace": "mab
2026-08-25T17:07:15+08:00 b0=49
{"attempt_id": "6db1005726a9", "build_makespan_ns": 5520666216401, "context_index": 1, "ended_at_ns": 79502590479708, "event": "ATTEMPT_COMPLETE", "method": "V6", "namespace": "mab
2026-08-25T17:17:15+08:00 b0=49
{"attempt_id": "6db1005726a9", "build_makespan_ns": 5520666216401, "context_index": 1, "ended_at_ns": 79502590479708, "event": "ATTEMPT_COMPLETE", "method": "V6", "namespace": "mab
2026-08-25T17:27:15+08:00 b0=49
{"attempt_id": "6db1005726a9", "build_makespan_ns": 5520666216401, "context_index": 1, "ended_at_ns": 79502590479708, "event": "ATTEMPT_COMPLETE", "method": "V6", "namespace": "mab
2026-08-25T17:37:15+08:00 b0=49
{"attempt_id": "6db1005726a9", "build_makespan_ns": 5520666216401, "context_index": 1, "ended_at_ns": 79502590479708, "event": "ATTEMPT_COMPLETE", "method": "V6", "namespace": "mab
2026-08-25T17:47:16+08:00 b0=49
{"attempt_id": "6db1005726a9", "build_makespan_ns": 5520666216401, "context_index": 1, "ended_at_ns": 79502590479708, "event": "ATTEMPT_COMPLETE", "method": "V6", "namespace": "mab
2026-08-25T17:57:16+08:00 b0=49
{"attempt_id": "6db1005726a9", "build_makespan_ns": 5520666216401, "context_index": 1, "ended_at_ns": 79502590479708, "event": "ATTEMPT_COMPLETE", "method": "V6", "namespace": "mab
2026-08-25T18:07:16+08:00 b0=49
{"attempt_id": "6db1005726a9", "build_makespan_ns": 5520666216401, "context_index": 1, "ended_at_ns": 79502590479708, "event": "ATTEMPT_COMPLETE", "method": "V6", "namespace": "mab
2026-08-25T18:17:16+08:00 b0=49
{"attempt_id": "6db1005726a9", "build_makespan_ns": 5520666216401, "context_index": 1, "ended_at_ns": 79502590479708, "event": "ATTEMPT_COMPLETE", "method": "V6", "namespace": "mab
2026-08-25T18:27:16+08:00 b0=49
{"attempt_id": "6db1005726a9", "build_makespan_ns": 5520666216401, "context_index": 1, "ended_at_ns": 79502590479708, "event": "ATTEMPT_COMPLETE", "method": "V6", "namespace": "mab
2026-08-25T18:37:16+08:00 b0=49
{"attempt_id": "6db1005726a9", "build_makespan_ns": 5520666216401, "context_index": 1, "ended_at_ns": 79502590479708, "event": "ATTEMPT_COMPLETE", "method": "V6", "namespace": "mab
2026-08-25T18:47:16+08:00 b0=49
{"attempt_id": "6db1005726a9", "build_makespan_ns": 5520666216401, "context_index": 1, "ended_at_ns": 79502590479708, "event": "ATTEMPT_COMPLETE", "method": "V6", "namespace": "mab
2026-08-25T18:57:16+08:00 b0=49
{"attempt_id": "6db1005726a9", "build_makespan_ns": 5520666216401, "context_index": 1, "ended_at_ns": 79502590479708, "event": "ATTEMPT_COMPLETE", "method": "V6", "namespace": "mab
2026-08-25T19:07:16+08:00 b0=49
{"attempt_id": "6db1005726a9", "build_makespan_ns": 5520666216401, "context_index": 1, "ended_at_ns": 79502590479708, "event": "ATTEMPT_COMPLETE", "method": "V6", "namespace": "mab
2026-08-25T19:17:16+08:00 b0=49
{"attempt_id": "6db1005726a9", "build_makespan_ns": 5520666216401, "context_index": 1, "ended_at_ns": 79502590479708, "event": "ATTEMPT_COMPLETE", "method": "V6", "namespace": "mab
2026-08-25T19:27:16+08:00 b0=49
{"attempt_id": "6db1005726a9", "build_makespan_ns": 5520666216401, "context_index": 1, "ended_at_ns": 79502590479708, "event": "ATTEMPT_COMPLETE", "method": "V6", "namespace": "mab
2026-08-25T19:37:16+08:00 b0=49
{"attempt_id": "6db1005726a9", "build_makespan_ns": 5520666216401, "context_index": 1, "ended_at_ns": 79502590479708, "event": "ATTEMPT_COMPLETE", "method": "V6", "namespace": "mab
2026-08-25T19:47:16+08:00 b0=49
{"attempt_id": "6db1005726a9", "build_makespan_ns": 5520666216401, "context_index": 1, "ended_at_ns": 79502590479708, "event": "ATTEMPT_COMPLETE", "method": "V6", "namespace": "mab
2026-08-25T19:57:16+08:00 b0=49
{"attempt_id": "6db1005726a9", "build_makespan_ns": 5520666216401, "context_index": 1, "ended_at_ns": 79502590479708, "event": "ATTEMPT_COMPLETE", "method": "V6", "namespace": "mab
2026-08-25T20:07:16+08:00 b0=49
{"attempt_id": "6db1005726a9", "build_makespan_ns": 5520666216401, "context_index": 1, "ended_at_ns": 79502590479708, "event": "ATTEMPT_COMPLETE", "method": "V6", "namespace": "mab
2026-08-25T20:17:16+08:00 b0=49
{"attempt_id": "6db1005726a9", "build_makespan_ns": 5520666216401, "context_index": 1, "ended_at_ns": 79502590479708, "event": "ATTEMPT_COMPLETE", "method": "V6", "namespace": "mab
2026-08-25T20:27:16+08:00 b0=49
{"attempt_id": "6db1005726a9", "build_makespan_ns": 5520666216401, "context_index": 1, "ended_at_ns": 79502590479708, "event": "ATTEMPT_COMPLETE", "method": "V6", "namespace": "mab
2026-08-25T20:37:16+08:00 b0=49
{"attempt_id": "6db1005726a9", "build_makespan_ns": 5520666216401, "context_index": 1, "ended_at_ns": 79502590479708, "event": "ATTEMPT_COMPLETE", "method": "V6", "namespace": "mab
2026-08-25T20:47:16+08:00 b0=49
{"attempt_id": "6db1005726a9", "build_makespan_ns": 5520666216401, "context_index": 1, "ended_at_ns": 79502590479708, "event": "ATTEMPT_COMPLETE", "method": "V6", "namespace": "mab
2026-08-25T20:57:16+08:00 b0=49
{"attempt_id": "6db1005726a9", "build_makespan_ns": 5520666216401, "context_index": 1, "ended_at_ns": 79502590479708, "event": "ATTEMPT_COMPLETE", "method": "V6", "namespace": "mab
2026-08-25T21:07:16+08:00 b0=49
{"attempt_id": "6db1005726a9", "build_makespan_ns": 5520666216401, "context_index": 1, "ended_at_ns": 79502590479708, "event": "ATTEMPT_COMPLETE", "method": "V6", "namespace": "mab
2026-08-25T21:17:16+08:00 b0=49
{"attempt_id": "6db1005726a9", "build_makespan_ns": 5520666216401, "context_index": 1, "ended_at_ns": 79502590479708, "event": "ATTEMPT_COMPLETE", "method": "V6", "namespace": "mab
2026-08-25T21:27:16+08:00 b0=49
{"attempt_id": "6db1005726a9", "build_makespan_ns": 5520666216401, "context_index": 1, "ended_at_ns": 79502590479708, "event": "ATTEMPT_COMPLETE", "method": "V6", "namespace": "mab
2026-08-25T21:37:16+08:00 b0=49
{"attempt_id": "6db1005726a9", "build_makespan_ns": 5520666216401, "context_index": 1, "ended_at_ns": 79502590479708, "event": "ATTEMPT_COMPLETE", "method": "V6", "namespace": "mab
2026-08-25T21:47:16+08:00 b0=49
{"attempt_id": "6db1005726a9", "build_makespan_ns": 5520666216401, "context_index": 1, "ended_at_ns": 79502590479708, "event": "ATTEMPT_COMPLETE", "method": "V6", "namespace": "mab
2026-08-25T21:57:16+08:00 b0=49
{"attempt_id": "6db1005726a9", "build_makespan_ns": 5520666216401, "context_index": 1, "ended_at_ns": 79502590479708, "event": "ATTEMPT_COMPLETE", "method": "V6", "namespace": "mab
2026-08-25T22:07:16+08:00 b0=49
{"attempt_id": "6db1005726a9", "build_makespan_ns": 5520666216401, "context_index": 1, "ended_at_ns": 79502590479708, "event": "ATTEMPT_COMPLETE", "method": "V6", "namespace": "mab
2026-08-25T22:17:16+08:00 b0=49
{"attempt_id": "6db1005726a9", "build_makespan_ns": 5520666216401, "context_index": 1, "ended_at_ns": 79502590479708, "event": "ATTEMPT_COMPLETE", "method": "V6", "namespace": "mab
2026-08-25T22:27:16+08:00 b0=49
{"attempt_id": "6db1005726a9", "build_makespan_ns": 5520666216401, "context_index": 1, "ended_at_ns": 79502590479708, "event": "ATTEMPT_COMPLETE", "method": "V6", "namespace": "mab
2026-08-25T22:37:16+08:00 b0=49
{"attempt_id": "6db1005726a9", "build_makespan_ns": 5520666216401, "context_index": 1, "ended_at_ns": 79502590479708, "event": "ATTEMPT_COMPLETE", "method": "V6", "namespace": "mab
2026-08-25T22:47:16+08:00 b0=49
{"attempt_id": "6db1005726a9", "build_makespan_ns": 5520666216401, "context_index": 1, "ended_at_ns": 79502590479708, "event": "ATTEMPT_COMPLETE", "method": "V6", "namespace": "mab
2026-08-25T22:57:16+08:00 b0=49
{"attempt_id": "6db1005726a9", "build_makespan_ns": 5520666216401, "context_index": 1, "ended_at_ns": 79502590479708, "event": "ATTEMPT_COMPLETE", "method": "V6", "namespace": "mab
2026-08-25T23:07:16+08:00 b0=49
{"attempt_id": "6db1005726a9", "build_makespan_ns": 5520666216401, "context_index": 1, "ended_at_ns": 79502590479708, "event": "ATTEMPT_COMPLETE", "method": "V6", "namespace": "mab
2026-08-25T23:17:16+08:00 b0=49
{"attempt_id": "6db1005726a9", "build_makespan_ns": 5520666216401, "context_index": 1, "ended_at_ns": 79502590479708, "event": "ATTEMPT_COMPLETE", "method": "V6", "namespace": "mab
2026-08-25T23:27:16+08:00 b0=49
{"attempt_id": "6db1005726a9", "build_makespan_ns": 5520666216401, "context_index": 1, "ended_at_ns": 79502590479708, "event": "ATTEMPT_COMPLETE", "method": "V6", "namespace": "mab
2026-08-25T23:37:16+08:00 b0=49
{"attempt_id": "6db1005726a9", "build_makespan_ns": 5520666216401, "context_index": 1, "ended_at_ns": 79502590479708, "event": "ATTEMPT_COMPLETE", "method": "V6", "namespace": "mab
2026-08-25T23:47:16+08:00 b0=49
{"attempt_id": "6db1005726a9", "build_makespan_ns": 5520666216401, "context_index": 1, "ended_at_ns": 79502590479708, "event": "ATTEMPT_COMPLETE", "method": "V6", "namespace": "mab
2026-08-25T23:57:16+08:00 b0=49
{"attempt_id": "6db1005726a9", "build_makespan_ns": 5520666216401, "context_index": 1, "ended_at_ns": 79502590479708, "event": "ATTEMPT_COMPLETE", "method": "V6", "namespace": "mab
2026-08-26T00:07:16+08:00 b0=49
{"attempt_id": "6db1005726a9", "build_makespan_ns": 5520666216401, "context_index": 1, "ended_at_ns": 79502590479708, "event": "ATTEMPT_COMPLETE", "method": "V6", "namespace": "mab
2026-08-26T00:17:16+08:00 b0=49
{"attempt_id": "6db1005726a9", "build_makespan_ns": 5520666216401, "context_index": 1, "ended_at_ns": 79502590479708, "event": "ATTEMPT_COMPLETE", "method": "V6", "namespace": "mab
2026-08-26T00:27:16+08:00 b0=49
{"attempt_id": "6db1005726a9", "build_makespan_ns": 5520666216401, "context_index": 1, "ended_at_ns": 79502590479708, "event": "ATTEMPT_COMPLETE", "method": "V6", "namespace": "mab
2026-08-26T00:37:16+08:00 b0=49
{"attempt_id": "6db1005726a9", "build_makespan_ns": 5520666216401, "context_index": 1, "ended_at_ns": 79502590479708, "event": "ATTEMPT_COMPLETE", "method": "V6", "namespace": "mab
2026-08-26T00:47:16+08:00 b0=49
{"attempt_id": "6db1005726a9", "build_makespan_ns": 5520666216401, "context_index": 1, "ended_at_ns": 79502590479708, "event": "ATTEMPT_COMPLETE", "method": "V6", "namespace": "mab
2026-08-26T00:57:16+08:00 b0=49
{"attempt_id": "6db1005726a9", "build_makespan_ns": 5520666216401, "context_index": 1, "ended_at_ns": 79502590479708, "event": "ATTEMPT_COMPLETE", "method": "V6", "namespace": "mab
2026-08-26T01:07:16+08:00 b0=49
{"attempt_id": "6db1005726a9", "build_makespan_ns": 5520666216401, "context_index": 1, "ended_at_ns": 79502590479708, "event": "ATTEMPT_COMPLETE", "method": "V6", "namespace": "mab
2026-08-26T01:17:16+08:00 b0=49
{"attempt_id": "6db1005726a9", "build_makespan_ns": 5520666216401, "context_index": 1, "ended_at_ns": 79502590479708, "event": "ATTEMPT_COMPLETE", "method": "V6", "namespace": "mab
2026-08-26T01:27:16+08:00 b0=49
{"attempt_id": "6db1005726a9", "build_makespan_ns": 5520666216401, "context_index": 1, "ended_at_ns": 79502590479708, "event": "ATTEMPT_COMPLETE", "method": "V6", "namespace": "mab
2026-08-26T01:37:16+08:00 b0=49
{"attempt_id": "6db1005726a9", "build_makespan_ns": 5520666216401, "context_index": 1, "ended_at_ns": 79502590479708, "event": "ATTEMPT_COMPLETE", "method": "V6", "namespace": "mab
2026-08-26T01:47:16+08:00 b0=49
{"attempt_id": "6db1005726a9", "build_makespan_ns": 5520666216401, "context_index": 1, "ended_at_ns": 79502590479708, "event": "ATTEMPT_COMPLETE", "method": "V6", "namespace": "mab
2026-08-26T01:57:16+08:00 b0=49
{"attempt_id": "6db1005726a9", "build_makespan_ns": 5520666216401, "context_index": 1, "ended_at_ns": 79502590479708, "event": "ATTEMPT_COMPLETE", "method": "V6", "namespace": "mab
2026-08-26T02:07:16+08:00 b0=49
{"attempt_id": "6db1005726a9", "build_makespan_ns": 5520666216401, "context_index": 1, "ended_at_ns": 79502590479708, "event": "ATTEMPT_COMPLETE", "method": "V6", "namespace": "mab
2026-08-26T02:17:16+08:00 b0=49
{"attempt_id": "6db1005726a9", "build_makespan_ns": 5520666216401, "context_index": 1, "ended_at_ns": 79502590479708, "event": "ATTEMPT_COMPLETE", "method": "V6", "namespace": "mab
2026-08-26T02:27:16+08:00 b0=49
{"attempt_id": "6db1005726a9", "build_makespan_ns": 5520666216401, "context_index": 1, "ended_at_ns": 79502590479708, "event": "ATTEMPT_COMPLETE", "method": "V6", "namespace": "mab
2026-08-26T02:37:16+08:00 b0=49
{"attempt_id": "6db1005726a9", "build_makespan_ns": 5520666216401, "context_index": 1, "ended_at_ns": 79502590479708, "event": "ATTEMPT_COMPLETE", "method": "V6", "namespace": "mab
2026-08-26T02:47:16+08:00 b0=49
{"attempt_id": "6db1005726a9", "build_makespan_ns": 5520666216401, "context_index": 1, "ended_at_ns": 79502590479708, "event": "ATTEMPT_COMPLETE", "method": "V6", "namespace": "mab
2026-08-26T02:57:16+08:00 b0=49
{"attempt_id": "6db1005726a9", "build_makespan_ns": 5520666216401, "context_index": 1, "ended_at_ns": 79502590479708, "event": "ATTEMPT_COMPLETE", "method": "V6", "namespace": "mab
2026-08-26T03:07:16+08:00 b0=49
{"attempt_id": "6db1005726a9", "build_makespan_ns": 5520666216401, "context_index": 1, "ended_at_ns": 79502590479708, "event": "ATTEMPT_COMPLETE", "method": "V6", "namespace": "mab
2026-08-26T03:17:16+08:00 b0=49
{"attempt_id": "6db1005726a9", "build_makespan_ns": 5520666216401, "context_index": 1, "ended_at_ns": 79502590479708, "event": "ATTEMPT_COMPLETE", "method": "V6", "namespace": "mab
2026-08-26T03:27:16+08:00 b0=49
{"attempt_id": "6db1005726a9", "build_makespan_ns": 5520666216401, "context_index": 1, "ended_at_ns": 79502590479708, "event": "ATTEMPT_COMPLETE", "method": "V6", "namespace": "mab
2026-08-26T03:37:16+08:00 b0=49
{"attempt_id": "6db1005726a9", "build_makespan_ns": 5520666216401, "context_index": 1, "ended_at_ns": 79502590479708, "event": "ATTEMPT_COMPLETE", "method": "V6", "namespace": "mab
2026-08-26T03:47:16+08:00 b0=49
{"attempt_id": "6db1005726a9", "build_makespan_ns": 5520666216401, "context_index": 1, "ended_at_ns": 79502590479708, "event": "ATTEMPT_COMPLETE", "method": "V6", "namespace": "mab
2026-08-26T03:57:16+08:00 b0=49
{"attempt_id": "6db1005726a9", "build_makespan_ns": 5520666216401, "context_index": 1, "ended_at_ns": 79502590479708, "event": "ATTEMPT_COMPLETE", "method": "V6", "namespace": "mab
2026-08-26T04:07:16+08:00 b0=49
{"attempt_id": "6db1005726a9", "build_makespan_ns": 5520666216401, "context_index": 1, "ended_at_ns": 79502590479708, "event": "ATTEMPT_COMPLETE", "method": "V6", "namespace": "mab
2026-08-26T04:17:16+08:00 b0=49
{"attempt_id": "6db1005726a9", "build_makespan_ns": 5520666216401, "context_index": 1, "ended_at_ns": 79502590479708, "event": "ATTEMPT_COMPLETE", "method": "V6", "namespace": "mab
2026-08-26T04:27:16+08:00 b0=49
{"attempt_id": "6db1005726a9", "build_makespan_ns": 5520666216401, "context_index": 1, "ended_at_ns": 79502590479708, "event": "ATTEMPT_COMPLETE", "method": "V6", "namespace": "mab
2026-08-26T04:37:16+08:00 b0=49
{"attempt_id": "6db1005726a9", "build_makespan_ns": 5520666216401, "context_index": 1, "ended_at_ns": 79502590479708, "event": "ATTEMPT_COMPLETE", "method": "V6", "namespace": "mab
2026-08-26T04:47:16+08:00 b0=49
{"attempt_id": "6db1005726a9", "build_makespan_ns": 5520666216401, "context_index": 1, "ended_at_ns": 79502590479708, "event": "ATTEMPT_COMPLETE", "method": "V6", "namespace": "mab
2026-08-26T04:57:16+08:00 b0=49
{"attempt_id": "6db1005726a9", "build_makespan_ns": 5520666216401, "context_index": 1, "ended_at_ns": 79502590479708, "event": "ATTEMPT_COMPLETE", "method": "V6", "namespace": "mab
2026-08-26T05:07:16+08:00 b0=49
{"attempt_id": "6db1005726a9", "build_makespan_ns": 5520666216401, "context_index": 1, "ended_at_ns": 79502590479708, "event": "ATTEMPT_COMPLETE", "method": "V6", "namespace": "mab
2026-08-26T05:17:16+08:00 b0=49
{"attempt_id": "6db1005726a9", "build_makespan_ns": 5520666216401, "context_index": 1, "ended_at_ns": 79502590479708, "event": "ATTEMPT_COMPLETE", "method": "V6", "namespace": "mab
2026-08-26T05:27:16+08:00 b0=49
{"attempt_id": "6db1005726a9", "build_makespan_ns": 5520666216401, "context_index": 1, "ended_at_ns": 79502590479708, "event": "ATTEMPT_COMPLETE", "method": "V6", "namespace": "mab
2026-08-26T05:37:16+08:00 b0=49
{"attempt_id": "6db1005726a9", "build_makespan_ns": 5520666216401, "context_index": 1, "ended_at_ns": 79502590479708, "event": "ATTEMPT_COMPLETE", "method": "V6", "namespace": "mab
2026-08-26T05:47:16+08:00 b0=49
{"attempt_id": "6db1005726a9", "build_makespan_ns": 5520666216401, "context_index": 1, "ended_at_ns": 79502590479708, "event": "ATTEMPT_COMPLETE", "method": "V6", "namespace": "mab
2026-08-26T05:57:16+08:00 b0=49
{"attempt_id": "6db1005726a9", "build_makespan_ns": 5520666216401, "context_index": 1, "ended_at_ns": 79502590479708, "event": "ATTEMPT_COMPLETE", "method": "V6", "namespace": "mab
2026-08-26T06:07:16+08:00 b0=49
{"attempt_id": "6db1005726a9", "build_makespan_ns": 5520666216401, "context_index": 1, "ended_at_ns": 79502590479708, "event": "ATTEMPT_COMPLETE", "method": "V6", "namespace": "mab
2026-08-26T06:17:16+08:00 b0=49
{"attempt_id": "6db1005726a9", "build_makespan_ns": 5520666216401, "context_index": 1, "ended_at_ns": 79502590479708, "event": "ATTEMPT_COMPLETE", "method": "V6", "namespace": "mab
2026-08-26T06:27:16+08:00 b0=49
{"attempt_id": "6db1005726a9", "build_makespan_ns": 5520666216401, "context_index": 1, "ended_at_ns": 79502590479708, "event": "ATTEMPT_COMPLETE", "method": "V6", "namespace": "mab
2026-08-26T06:37:16+08:00 b0=49
{"attempt_id": "6db1005726a9", "build_makespan_ns": 5520666216401, "context_index": 1, "ended_at_ns": 79502590479708, "event": "ATTEMPT_COMPLETE", "method": "V6", "namespace": "mab
2026-08-26T06:47:16+08:00 b0=49
{"attempt_id": "6db1005726a9", "build_makespan_ns": 5520666216401, "context_index": 1, "ended_at_ns": 79502590479708, "event": "ATTEMPT_COMPLETE", "method": "V6", "namespace": "mab
2026-08-26T06:57:16+08:00 b0=49
{"attempt_id": "6db1005726a9", "build_makespan_ns": 5520666216401, "context_index": 1, "ended_at_ns": 79502590479708, "event": "ATTEMPT_COMPLETE", "method": "V6", "namespace": "mab
2026-08-26T07:07:16+08:00 b0=49
{"attempt_id": "6db1005726a9", "build_makespan_ns": 5520666216401, "context_index": 1, "ended_at_ns": 79502590479708, "event": "ATTEMPT_COMPLETE", "method": "V6", "namespace": "mab
2026-08-26T07:17:16+08:00 b0=49
{"attempt_id": "6db1005726a9", "build_makespan_ns": 5520666216401, "context_index": 1, "ended_at_ns": 79502590479708, "event": "ATTEMPT_COMPLETE", "method": "V6", "namespace": "mab
2026-08-26T07:27:16+08:00 b0=49
{"attempt_id": "6db1005726a9", "build_makespan_ns": 5520666216401, "context_index": 1, "ended_at_ns": 79502590479708, "event": "ATTEMPT_COMPLETE", "method": "V6", "namespace": "mab
2026-08-26T07:37:16+08:00 b0=49
{"attempt_id": "6db1005726a9", "build_makespan_ns": 5520666216401, "context_index": 1, "ended_at_ns": 79502590479708, "event": "ATTEMPT_COMPLETE", "method": "V6", "namespace": "mab
2026-08-26T07:47:16+08:00 b0=49
{"attempt_id": "6db1005726a9", "build_makespan_ns": 5520666216401, "context_index": 1, "ended_at_ns": 79502590479708, "event": "ATTEMPT_COMPLETE", "method": "V6", "namespace": "mab
2026-08-26T07:57:16+08:00 b0=49
{"attempt_id": "6db1005726a9", "build_makespan_ns": 5520666216401, "context_index": 1, "ended_at_ns": 79502590479708, "event": "ATTEMPT_COMPLETE", "method": "V6", "namespace": "mab
2026-08-26T08:07:16+08:00 b0=49
{"attempt_id": "6db1005726a9", "build_makespan_ns": 5520666216401, "context_index": 1, "ended_at_ns": 79502590479708, "event": "ATTEMPT_COMPLETE", "method": "V6", "namespace": "mab
2026-08-26T08:17:16+08:00 b0=49
{"attempt_id": "6db1005726a9", "build_makespan_ns": 5520666216401, "context_index": 1, "ended_at_ns": 79502590479708, "event": "ATTEMPT_COMPLETE", "method": "V6", "namespace": "mab
2026-08-26T08:27:16+08:00 b0=49
{"attempt_id": "6db1005726a9", "build_makespan_ns": 5520666216401, "context_index": 1, "ended_at_ns": 79502590479708, "event": "ATTEMPT_COMPLETE", "method": "V6", "namespace": "mab
2026-08-26T08:37:16+08:00 b0=49
{"attempt_id": "6db1005726a9", "build_makespan_ns": 5520666216401, "context_index": 1, "ended_at_ns": 79502590479708, "event": "ATTEMPT_COMPLETE", "method": "V6", "namespace": "mab
2026-08-26T08:47:16+08:00 b0=49
{"attempt_id": "6db1005726a9", "build_makespan_ns": 5520666216401, "context_index": 1, "ended_at_ns": 79502590479708, "event": "ATTEMPT_COMPLETE", "method": "V6", "namespace": "mab
2026-08-26T08:57:16+08:00 b0=49
{"attempt_id": "6db1005726a9", "build_makespan_ns": 5520666216401, "context_index": 1, "ended_at_ns": 79502590479708, "event": "ATTEMPT_COMPLETE", "method": "V6", "namespace": "mab
2026-08-26T09:07:16+08:00 b0=49
{"attempt_id": "6db1005726a9", "build_makespan_ns": 5520666216401, "context_index": 1, "ended_at_ns": 79502590479708, "event": "ATTEMPT_COMPLETE", "method": "V6", "namespace": "mab
2026-08-26T09:17:16+08:00 b0=49
{"attempt_id": "6db1005726a9", "build_makespan_ns": 5520666216401, "context_index": 1, "ended_at_ns": 79502590479708, "event": "ATTEMPT_COMPLETE", "method": "V6", "namespace": "mab
2026-08-26T09:27:16+08:00 b0=49
{"attempt_id": "6db1005726a9", "build_makespan_ns": 5520666216401, "context_index": 1, "ended_at_ns": 79502590479708, "event": "ATTEMPT_COMPLETE", "method": "V6", "namespace": "mab
2026-08-26T09:37:16+08:00 b0=49
{"attempt_id": "6db1005726a9", "build_makespan_ns": 5520666216401, "context_index": 1, "ended_at_ns": 79502590479708, "event": "ATTEMPT_COMPLETE", "method": "V6", "namespace": "mab
2026-08-26T09:47:16+08:00 b0=49
{"attempt_id": "6db1005726a9", "build_makespan_ns": 5520666216401, "context_index": 1, "ended_at_ns": 79502590479708, "event": "ATTEMPT_COMPLETE", "method": "V6", "namespace": "mab
2026-08-26T09:57:16+08:00 b0=49
{"attempt_id": "6db1005726a9", "build_makespan_ns": 5520666216401, "context_index": 1, "ended_at_ns": 79502590479708, "event": "ATTEMPT_COMPLETE", "method": "V6", "namespace": "mab
2026-08-26T10:07:16+08:00 b0=49
{"attempt_id": "6db1005726a9", "build_makespan_ns": 5520666216401, "context_index": 1, "ended_at_ns": 79502590479708, "event": "ATTEMPT_COMPLETE", "method": "V6", "namespace": "mab
2026-08-26T10:17:16+08:00 b0=49
{"attempt_id": "6db1005726a9", "build_makespan_ns": 5520666216401, "context_index": 1, "ended_at_ns": 79502590479708, "event": "ATTEMPT_COMPLETE", "method": "V6", "namespace": "mab
2026-08-26T10:27:16+08:00 b0=49
{"attempt_id": "6db1005726a9", "build_makespan_ns": 5520666216401, "context_index": 1, "ended_at_ns": 79502590479708, "event": "ATTEMPT_COMPLETE", "method": "V6", "namespace": "mab
2026-08-26T10:37:16+08:00 b0=49
{"attempt_id": "6db1005726a9", "build_makespan_ns": 5520666216401, "context_index": 1, "ended_at_ns": 79502590479708, "event": "ATTEMPT_COMPLETE", "method": "V6", "namespace": "mab
2026-08-26T10:47:16+08:00 b0=49
{"attempt_id": "6db1005726a9", "build_makespan_ns": 5520666216401, "context_index": 1, "ended_at_ns": 79502590479708, "event": "ATTEMPT_COMPLETE", "method": "V6", "namespace": "mab
2026-08-26T10:57:16+08:00 b0=49
{"attempt_id": "6db1005726a9", "build_makespan_ns": 5520666216401, "context_index": 1, "ended_at_ns": 79502590479708, "event": "ATTEMPT_COMPLETE", "method": "V6", "namespace": "mab
2026-08-26T11:07:16+08:00 b0=49
{"attempt_id": "6db1005726a9", "build_makespan_ns": 5520666216401, "context_index": 1, "ended_at_ns": 79502590479708, "event": "ATTEMPT_COMPLETE", "method": "V6", "namespace": "mab
2026-08-26T11:17:16+08:00 b0=49
{"attempt_id": "6db1005726a9", "build_makespan_ns": 5520666216401, "context_index": 1, "ended_at_ns": 79502590479708, "event": "ATTEMPT_COMPLETE", "method": "V6", "namespace": "mab
2026-08-26T11:27:16+08:00 b0=49
{"attempt_id": "6db1005726a9", "build_makespan_ns": 5520666216401, "context_index": 1, "ended_at_ns": 79502590479708, "event": "ATTEMPT_COMPLETE", "method": "V6", "namespace": "mab
2026-08-26T11:37:16+08:00 b0=49
{"attempt_id": "6db1005726a9", "build_makespan_ns": 5520666216401, "context_index": 1, "ended_at_ns": 79502590479708, "event": "ATTEMPT_COMPLETE", "method": "V6", "namespace": "mab
2026-08-26T11:47:16+08:00 b0=49
{"attempt_id": "6db1005726a9", "build_makespan_ns": 5520666216401, "context_index": 1, "ended_at_ns": 79502590479708, "event": "ATTEMPT_COMPLETE", "method": "V6", "namespace": "mab
2026-08-26T11:57:16+08:00 b0=49
{"attempt_id": "6db1005726a9", "build_makespan_ns": 5520666216401, "context_index": 1, "ended_at_ns": 79502590479708, "event": "ATTEMPT_COMPLETE", "method": "V6", "namespace": "mab
2026-08-26T12:07:16+08:00 b0=49
{"attempt_id": "6db1005726a9", "build_makespan_ns": 5520666216401, "context_index": 1, "ended_at_ns": 79502590479708, "event": "ATTEMPT_COMPLETE", "method": "V6", "namespace": "mab
2026-08-26T12:17:16+08:00 b0=49
{"attempt_id": "6db1005726a9", "build_makespan_ns": 5520666216401, "context_index": 1, "ended_at_ns": 79502590479708, "event": "ATTEMPT_COMPLETE", "method": "V6", "namespace": "mab
2026-08-26T12:27:16+08:00 b0=49
{"attempt_id": "6db1005726a9", "build_makespan_ns": 5520666216401, "context_index": 1, "ended_at_ns": 79502590479708, "event": "ATTEMPT_COMPLETE", "method": "V6", "namespace": "mab
2026-08-26T12:37:16+08:00 b0=49
{"attempt_id": "6db1005726a9", "build_makespan_ns": 5520666216401, "context_index": 1, "ended_at_ns": 79502590479708, "event": "ATTEMPT_COMPLETE", "method": "V6", "namespace": "mab
2026-08-26T12:47:16+08:00 b0=49
{"attempt_id": "6db1005726a9", "build_makespan_ns": 5520666216401, "context_index": 1, "ended_at_ns": 79502590479708, "event": "ATTEMPT_COMPLETE", "method": "V6", "namespace": "mab
2026-08-26T12:57:16+08:00 b0=49
{"attempt_id": "6db1005726a9", "build_makespan_ns": 5520666216401, "context_index": 1, "ended_at_ns": 79502590479708, "event": "ATTEMPT_COMPLETE", "method": "V6", "namespace": "mab
2026-08-26T13:07:16+08:00 b0=49
{"attempt_id": "6db1005726a9", "build_makespan_ns": 5520666216401, "context_index": 1, "ended_at_ns": 79502590479708, "event": "ATTEMPT_COMPLETE", "method": "V6", "namespace": "mab
2026-08-26T13:17:16+08:00 b0=49
{"attempt_id": "6db1005726a9", "build_makespan_ns": 5520666216401, "context_index": 1, "ended_at_ns": 79502590479708, "event": "ATTEMPT_COMPLETE", "method": "V6", "namespace": "mab
2026-08-26T13:27:16+08:00 b0=49
{"attempt_id": "6db1005726a9", "build_makespan_ns": 5520666216401, "context_index": 1, "ended_at_ns": 79502590479708, "event": "ATTEMPT_COMPLETE", "method": "V6", "namespace": "mab
2026-08-26T13:37:16+08:00 b0=49
{"attempt_id": "6db1005726a9", "build_makespan_ns": 5520666216401, "context_index": 1, "ended_at_ns": 79502590479708, "event": "ATTEMPT_COMPLETE", "method": "V6", "namespace": "mab
2026-08-26T13:47:16+08:00 b0=49
{"attempt_id": "6db1005726a9", "build_makespan_ns": 5520666216401, "context_index": 1, "ended_at_ns": 79502590479708, "event": "ATTEMPT_COMPLETE", "method": "V6", "namespace": "mab
2026-08-26T13:57:16+08:00 b0=49
{"attempt_id": "6db1005726a9", "build_makespan_ns": 5520666216401, "context_index": 1, "ended_at_ns": 79502590479708, "event": "ATTEMPT_COMPLETE", "method": "V6", "namespace": "mab
2026-08-26T14:07:16+08:00 b0=49
{"attempt_id": "6db1005726a9", "build_makespan_ns": 5520666216401, "context_index": 1, "ended_at_ns": 79502590479708, "event": "ATTEMPT_COMPLETE", "method": "V6", "namespace": "mab
2026-08-26T14:17:17+08:00 b0=49
{"attempt_id": "6db1005726a9", "build_makespan_ns": 5520666216401, "context_index": 1, "ended_at_ns": 79502590479708, "event": "ATTEMPT_COMPLETE", "method": "V6", "namespace": "mab
2026-08-26T14:27:17+08:00 b0=49
{"attempt_id": "6db1005726a9", "build_makespan_ns": 5520666216401, "context_index": 1, "ended_at_ns": 79502590479708, "event": "ATTEMPT_COMPLETE", "method": "V6", "namespace": "mab
2026-08-26T14:37:17+08:00 b0=49
{"attempt_id": "6db1005726a9", "build_makespan_ns": 5520666216401, "context_index": 1, "ended_at_ns": 79502590479708, "event": "ATTEMPT_COMPLETE", "method": "V6", "namespace": "mab
2026-08-26T14:47:17+08:00 b0=49
{"attempt_id": "6db1005726a9", "build_makespan_ns": 5520666216401, "context_index": 1, "ended_at_ns": 79502590479708, "event": "ATTEMPT_COMPLETE", "method": "V6", "namespace": "mab
2026-08-26T14:57:17+08:00 b0=49
{"attempt_id": "6db1005726a9", "build_makespan_ns": 5520666216401, "context_index": 1, "ended_at_ns": 79502590479708, "event": "ATTEMPT_COMPLETE", "method": "V6", "namespace": "mab
2026-08-26T15:07:17+08:00 b0=49
{"attempt_id": "6db1005726a9", "build_makespan_ns": 5520666216401, "context_index": 1, "ended_at_ns": 79502590479708, "event": "ATTEMPT_COMPLETE", "method": "V6", "namespace": "mab
2026-08-26T15:17:17+08:00 b0=49
{"attempt_id": "6db1005726a9", "build_makespan_ns": 5520666216401, "context_index": 1, "ended_at_ns": 79502590479708, "event": "ATTEMPT_COMPLETE", "method": "V6", "namespace": "mab
2026-08-26T15:27:17+08:00 b0=49
{"attempt_id": "6db1005726a9", "build_makespan_ns": 5520666216401, "context_index": 1, "ended_at_ns": 79502590479708, "event": "ATTEMPT_COMPLETE", "method": "V6", "namespace": "mab
2026-08-26T15:37:17+08:00 b0=49
{"attempt_id": "6db1005726a9", "build_makespan_ns": 5520666216401, "context_index": 1, "ended_at_ns": 79502590479708, "event": "ATTEMPT_COMPLETE", "method": "V6", "namespace": "mab
2026-08-26T15:47:17+08:00 b0=49
{"attempt_id": "6db1005726a9", "build_makespan_ns": 5520666216401, "context_index": 1, "ended_at_ns": 79502590479708, "event": "ATTEMPT_COMPLETE", "method": "V6", "namespace": "mab
2026-08-26T15:57:17+08:00 b0=49
{"attempt_id": "6db1005726a9", "build_makespan_ns": 5520666216401, "context_index": 1, "ended_at_ns": 79502590479708, "event": "ATTEMPT_COMPLETE", "method": "V6", "namespace": "mab
2026-08-26T16:07:17+08:00 b0=49
{"attempt_id": "6db1005726a9", "build_makespan_ns": 5520666216401, "context_index": 1, "ended_at_ns": 79502590479708, "event": "ATTEMPT_COMPLETE", "method": "V6", "namespace": "mab
2026-08-26T16:17:17+08:00 b0=49
{"attempt_id": "6db1005726a9", "build_makespan_ns": 5520666216401, "context_index": 1, "ended_at_ns": 79502590479708, "event": "ATTEMPT_COMPLETE", "method": "V6", "namespace": "mab
2026-08-26T16:27:17+08:00 b0=49
{"attempt_id": "6db1005726a9", "build_makespan_ns": 5520666216401, "context_index": 1, "ended_at_ns": 79502590479708, "event": "ATTEMPT_COMPLETE", "method": "V6", "namespace": "mab
2026-08-26T16:37:17+08:00 b0=49
{"attempt_id": "6db1005726a9", "build_makespan_ns": 5520666216401, "context_index": 1, "ended_at_ns": 79502590479708, "event": "ATTEMPT_COMPLETE", "method": "V6", "namespace": "mab
2026-08-26T16:47:17+08:00 b0=49
{"attempt_id": "6db1005726a9", "build_makespan_ns": 5520666216401, "context_index": 1, "ended_at_ns": 79502590479708, "event": "ATTEMPT_COMPLETE", "method": "V6", "namespace": "mab
2026-08-26T16:57:17+08:00 b0=49
{"attempt_id": "6db1005726a9", "build_makespan_ns": 5520666216401, "context_index": 1, "ended_at_ns": 79502590479708, "event": "ATTEMPT_COMPLETE", "method": "V6", "namespace": "mab
2026-08-26T17:07:17+08:00 b0=49
{"attempt_id": "6db1005726a9", "build_makespan_ns": 5520666216401, "context_index": 1, "ended_at_ns": 79502590479708, "event": "ATTEMPT_COMPLETE", "method": "V6", "namespace": "mab
2026-08-26T17:17:17+08:00 b0=49
{"attempt_id": "6db1005726a9", "build_makespan_ns": 5520666216401, "context_index": 1, "ended_at_ns": 79502590479708, "event": "ATTEMPT_COMPLETE", "method": "V6", "namespace": "mab
2026-08-26T17:27:17+08:00 b0=49
{"attempt_id": "6db1005726a9", "build_makespan_ns": 5520666216401, "context_index": 1, "ended_at_ns": 79502590479708, "event": "ATTEMPT_COMPLETE", "method": "V6", "namespace": "mab
2026-08-26T17:37:17+08:00 b0=49
{"attempt_id": "6db1005726a9", "build_makespan_ns": 5520666216401, "context_index": 1, "ended_at_ns": 79502590479708, "event": "ATTEMPT_COMPLETE", "method": "V6", "namespace": "mab
2026-08-26T17:47:17+08:00 b0=49
{"attempt_id": "6db1005726a9", "build_makespan_ns": 5520666216401, "context_index": 1, "ended_at_ns": 79502590479708, "event": "ATTEMPT_COMPLETE", "method": "V6", "namespace": "mab
2026-08-26T17:57:17+08:00 b0=49
{"attempt_id": "6db1005726a9", "build_makespan_ns": 5520666216401, "context_index": 1, "ended_at_ns": 79502590479708, "event": "ATTEMPT_COMPLETE", "method": "V6", "namespace": "mab
2026-08-26T18:07:17+08:00 b0=49
{"attempt_id": "6db1005726a9", "build_makespan_ns": 5520666216401, "context_index": 1, "ended_at_ns": 79502590479708, "event": "ATTEMPT_COMPLETE", "method": "V6", "namespace": "mab
2026-08-26T18:17:17+08:00 b0=49
{"attempt_id": "6db1005726a9", "build_makespan_ns": 5520666216401, "context_index": 1, "ended_at_ns": 79502590479708, "event": "ATTEMPT_COMPLETE", "method": "V6", "namespace": "mab
2026-08-26T18:27:17+08:00 b0=49
{"attempt_id": "6db1005726a9", "build_makespan_ns": 5520666216401, "context_index": 1, "ended_at_ns": 79502590479708, "event": "ATTEMPT_COMPLETE", "method": "V6", "namespace": "mab
2026-08-26T18:37:17+08:00 b0=49
{"attempt_id": "6db1005726a9", "build_makespan_ns": 5520666216401, "context_index": 1, "ended_at_ns": 79502590479708, "event": "ATTEMPT_COMPLETE", "method": "V6", "namespace": "mab
2026-08-26T18:47:17+08:00 b0=49
{"attempt_id": "6db1005726a9", "build_makespan_ns": 5520666216401, "context_index": 1, "ended_at_ns": 79502590479708, "event": "ATTEMPT_COMPLETE", "method": "V6", "namespace": "mab
2026-08-26T18:57:17+08:00 b0=49
{"attempt_id": "6db1005726a9", "build_makespan_ns": 5520666216401, "context_index": 1, "ended_at_ns": 79502590479708, "event": "ATTEMPT_COMPLETE", "method": "V6", "namespace": "mab
2026-08-26T19:07:17+08:00 b0=49
{"attempt_id": "6db1005726a9", "build_makespan_ns": 5520666216401, "context_index": 1, "ended_at_ns": 79502590479708, "event": "ATTEMPT_COMPLETE", "method": "V6", "namespace": "mab
2026-08-26T19:17:17+08:00 b0=49
{"attempt_id": "6db1005726a9", "build_makespan_ns": 5520666216401, "context_index": 1, "ended_at_ns": 79502590479708, "event": "ATTEMPT_COMPLETE", "method": "V6", "namespace": "mab
2026-08-26T19:27:17+08:00 b0=49
{"attempt_id": "6db1005726a9", "build_makespan_ns": 5520666216401, "context_index": 1, "ended_at_ns": 79502590479708, "event": "ATTEMPT_COMPLETE", "method": "V6", "namespace": "mab
2026-08-26T19:37:17+08:00 b0=49
{"attempt_id": "6db1005726a9", "build_makespan_ns": 5520666216401, "context_index": 1, "ended_at_ns": 79502590479708, "event": "ATTEMPT_COMPLETE", "method": "V6", "namespace": "mab
2026-08-26T19:47:17+08:00 b0=49
{"attempt_id": "6db1005726a9", "build_makespan_ns": 5520666216401, "context_index": 1, "ended_at_ns": 79502590479708, "event": "ATTEMPT_COMPLETE", "method": "V6", "namespace": "mab
2026-08-26T19:57:17+08:00 b0=49
{"attempt_id": "6db1005726a9", "build_makespan_ns": 5520666216401, "context_index": 1, "ended_at_ns": 79502590479708, "event": "ATTEMPT_COMPLETE", "method": "V6", "namespace": "mab
2026-08-26T20:07:17+08:00 b0=49
{"attempt_id": "6db1005726a9", "build_makespan_ns": 5520666216401, "context_index": 1, "ended_at_ns": 79502590479708, "event": "ATTEMPT_COMPLETE", "method": "V6", "namespace": "mab
2026-08-26T20:17:17+08:00 b0=49
{"attempt_id": "6db1005726a9", "build_makespan_ns": 5520666216401, "context_index": 1, "ended_at_ns": 79502590479708, "event": "ATTEMPT_COMPLETE", "method": "V6", "namespace": "mab
2026-08-26T20:27:17+08:00 b0=49
{"attempt_id": "6db1005726a9", "build_makespan_ns": 5520666216401, "context_index": 1, "ended_at_ns": 79502590479708, "event": "ATTEMPT_COMPLETE", "method": "V6", "namespace": "mab
2026-08-26T20:37:17+08:00 b0=49
{"attempt_id": "6db1005726a9", "build_makespan_ns": 5520666216401, "context_index": 1, "ended_at_ns": 79502590479708, "event": "ATTEMPT_COMPLETE", "method": "V6", "namespace": "mab
2026-08-26T20:47:17+08:00 b0=49
{"attempt_id": "6db1005726a9", "build_makespan_ns": 5520666216401, "context_index": 1, "ended_at_ns": 79502590479708, "event": "ATTEMPT_COMPLETE", "method": "V6", "namespace": "mab
2026-08-26T20:57:17+08:00 b0=49
{"attempt_id": "6db1005726a9", "build_makespan_ns": 5520666216401, "context_index": 1, "ended_at_ns": 79502590479708, "event": "ATTEMPT_COMPLETE", "method": "V6", "namespace": "mab
2026-08-26T21:07:17+08:00 b0=49
{"attempt_id": "6db1005726a9", "build_makespan_ns": 5520666216401, "context_index": 1, "ended_at_ns": 79502590479708, "event": "ATTEMPT_COMPLETE", "method": "V6", "namespace": "mab
2026-08-26T21:17:17+08:00 b0=49
{"attempt_id": "6db1005726a9", "build_makespan_ns": 5520666216401, "context_index": 1, "ended_at_ns": 79502590479708, "event": "ATTEMPT_COMPLETE", "method": "V6", "namespace": "mab
2026-08-26T21:27:17+08:00 b0=49
{"attempt_id": "6db1005726a9", "build_makespan_ns": 5520666216401, "context_index": 1, "ended_at_ns": 79502590479708, "event": "ATTEMPT_COMPLETE", "method": "V6", "namespace": "mab
2026-08-26T21:37:17+08:00 b0=49
{"attempt_id": "6db1005726a9", "build_makespan_ns": 5520666216401, "context_index": 1, "ended_at_ns": 79502590479708, "event": "ATTEMPT_COMPLETE", "method": "V6", "namespace": "mab
2026-08-26T21:47:17+08:00 b0=49
{"attempt_id": "6db1005726a9", "build_makespan_ns": 5520666216401, "context_index": 1, "ended_at_ns": 79502590479708, "event": "ATTEMPT_COMPLETE", "method": "V6", "namespace": "mab
2026-08-26T21:57:17+08:00 b0=49
{"attempt_id": "6db1005726a9", "build_makespan_ns": 5520666216401, "context_index": 1, "ended_at_ns": 79502590479708, "event": "ATTEMPT_COMPLETE", "method": "V6", "namespace": "mab
2026-08-26T22:07:17+08:00 b0=49
{"attempt_id": "6db1005726a9", "build_makespan_ns": 5520666216401, "context_index": 1, "ended_at_ns": 79502590479708, "event": "ATTEMPT_COMPLETE", "method": "V6", "namespace": "mab
2026-08-26T22:17:17+08:00 b0=49
{"attempt_id": "6db1005726a9", "build_makespan_ns": 5520666216401, "context_index": 1, "ended_at_ns": 79502590479708, "event": "ATTEMPT_COMPLETE", "method": "V6", "namespace": "mab
2026-08-26T22:27:17+08:00 b0=49
{"attempt_id": "6db1005726a9", "build_makespan_ns": 5520666216401, "context_index": 1, "ended_at_ns": 79502590479708, "event": "ATTEMPT_COMPLETE", "method": "V6", "namespace": "mab
2026-08-26T22:37:17+08:00 b0=49
{"attempt_id": "6db1005726a9", "build_makespan_ns": 5520666216401, "context_index": 1, "ended_at_ns": 79502590479708, "event": "ATTEMPT_COMPLETE", "method": "V6", "namespace": "mab
2026-08-26T22:47:17+08:00 b0=49
{"attempt_id": "6db1005726a9", "build_makespan_ns": 5520666216401, "context_index": 1, "ended_at_ns": 79502590479708, "event": "ATTEMPT_COMPLETE", "method": "V6", "namespace": "mab
2026-08-26T22:57:17+08:00 b0=49
{"attempt_id": "6db1005726a9", "build_makespan_ns": 5520666216401, "context_index": 1, "ended_at_ns": 79502590479708, "event": "ATTEMPT_COMPLETE", "method": "V6", "namespace": "mab
2026-08-26T23:07:17+08:00 b0=49
{"attempt_id": "6db1005726a9", "build_makespan_ns": 5520666216401, "context_index": 1, "ended_at_ns": 79502590479708, "event": "ATTEMPT_COMPLETE", "method": "V6", "namespace": "mab
2026-08-26T23:17:17+08:00 b0=49
{"attempt_id": "6db1005726a9", "build_makespan_ns": 5520666216401, "context_index": 1, "ended_at_ns": 79502590479708, "event": "ATTEMPT_COMPLETE", "method": "V6", "namespace": "mab
2026-08-26T23:27:17+08:00 b0=49
{"attempt_id": "6db1005726a9", "build_makespan_ns": 5520666216401, "context_index": 1, "ended_at_ns": 79502590479708, "event": "ATTEMPT_COMPLETE", "method": "V6", "namespace": "mab
2026-08-26T23:37:17+08:00 b0=49
{"attempt_id": "6db1005726a9", "build_makespan_ns": 5520666216401, "context_index": 1, "ended_at_ns": 79502590479708, "event": "ATTEMPT_COMPLETE", "method": "V6", "namespace": "mab
2026-08-26T23:47:17+08:00 b0=49
{"attempt_id": "6db1005726a9", "build_makespan_ns": 5520666216401, "context_index": 1, "ended_at_ns": 79502590479708, "event": "ATTEMPT_COMPLETE", "method": "V6", "namespace": "mab
2026-08-26T23:57:17+08:00 b0=49
{"attempt_id": "6db1005726a9", "build_makespan_ns": 5520666216401, "context_index": 1, "ended_at_ns": 79502590479708, "event": "ATTEMPT_COMPLETE", "method": "V6", "namespace": "mab
2026-08-27T00:07:17+08:00 b0=49
{"attempt_id": "6db1005726a9", "build_makespan_ns": 5520666216401, "context_index": 1, "ended_at_ns": 79502590479708, "event": "ATTEMPT_COMPLETE", "method": "V6", "namespace": "mab
2026-08-27T00:17:17+08:00 b0=49
{"attempt_id": "6db1005726a9", "build_makespan_ns": 5520666216401, "context_index": 1, "ended_at_ns": 79502590479708, "event": "ATTEMPT_COMPLETE", "method": "V6", "namespace": "mab
2026-08-27T00:27:17+08:00 b0=49
{"attempt_id": "6db1005726a9", "build_makespan_ns": 5520666216401, "context_index": 1, "ended_at_ns": 79502590479708, "event": "ATTEMPT_COMPLETE", "method": "V6", "namespace": "mab
2026-08-27T00:37:17+08:00 b0=49
{"attempt_id": "6db1005726a9", "build_makespan_ns": 5520666216401, "context_index": 1, "ended_at_ns": 79502590479708, "event": "ATTEMPT_COMPLETE", "method": "V6", "namespace": "mab
2026-08-27T00:47:17+08:00 b0=49
{"attempt_id": "6db1005726a9", "build_makespan_ns": 5520666216401, "context_index": 1, "ended_at_ns": 79502590479708, "event": "ATTEMPT_COMPLETE", "method": "V6", "namespace": "mab
2026-08-27T00:57:17+08:00 b0=49
{"attempt_id": "6db1005726a9", "build_makespan_ns": 5520666216401, "context_index": 1, "ended_at_ns": 79502590479708, "event": "ATTEMPT_COMPLETE", "method": "V6", "namespace": "mab
2026-08-27T01:07:17+08:00 b0=49
{"attempt_id": "6db1005726a9", "build_makespan_ns": 5520666216401, "context_index": 1, "ended_at_ns": 79502590479708, "event": "ATTEMPT_COMPLETE", "method": "V6", "namespace": "mab
2026-08-27T01:17:17+08:00 b0=49
{"attempt_id": "6db1005726a9", "build_makespan_ns": 5520666216401, "context_index": 1, "ended_at_ns": 79502590479708, "event": "ATTEMPT_COMPLETE", "method": "V6", "namespace": "mab
2026-08-27T01:27:17+08:00 b0=49
{"attempt_id": "6db1005726a9", "build_makespan_ns": 5520666216401, "context_index": 1, "ended_at_ns": 79502590479708, "event": "ATTEMPT_COMPLETE", "method": "V6", "namespace": "mab
2026-08-27T01:37:17+08:00 b0=49
{"attempt_id": "6db1005726a9", "build_makespan_ns": 5520666216401, "context_index": 1, "ended_at_ns": 79502590479708, "event": "ATTEMPT_COMPLETE", "method": "V6", "namespace": "mab
2026-08-27T01:47:17+08:00 b0=49
{"attempt_id": "6db1005726a9", "build_makespan_ns": 5520666216401, "context_index": 1, "ended_at_ns": 79502590479708, "event": "ATTEMPT_COMPLETE", "method": "V6", "namespace": "mab
2026-08-27T01:57:17+08:00 b0=49
{"attempt_id": "6db1005726a9", "build_makespan_ns": 5520666216401, "context_index": 1, "ended_at_ns": 79502590479708, "event": "ATTEMPT_COMPLETE", "method": "V6", "namespace": "mab
2026-08-27T02:07:17+08:00 b0=49
{"attempt_id": "6db1005726a9", "build_makespan_ns": 5520666216401, "context_index": 1, "ended_at_ns": 79502590479708, "event": "ATTEMPT_COMPLETE", "method": "V6", "namespace": "mab
2026-08-27T02:17:17+08:00 b0=49
{"attempt_id": "6db1005726a9", "build_makespan_ns": 5520666216401, "context_index": 1, "ended_at_ns": 79502590479708, "event": "ATTEMPT_COMPLETE", "method": "V6", "namespace": "mab
2026-08-27T02:27:17+08:00 b0=49
{"attempt_id": "6db1005726a9", "build_makespan_ns": 5520666216401, "context_index": 1, "ended_at_ns": 79502590479708, "event": "ATTEMPT_COMPLETE", "method": "V6", "namespace": "mab
2026-08-27T02:37:17+08:00 b0=49
{"attempt_id": "6db1005726a9", "build_makespan_ns": 5520666216401, "context_index": 1, "ended_at_ns": 79502590479708, "event": "ATTEMPT_COMPLETE", "method": "V6", "namespace": "mab
2026-08-27T02:47:17+08:00 b0=49
{"attempt_id": "6db1005726a9", "build_makespan_ns": 5520666216401, "context_index": 1, "ended_at_ns": 79502590479708, "event": "ATTEMPT_COMPLETE", "method": "V6", "namespace": "mab
2026-08-27T02:57:17+08:00 b0=49
{"attempt_id": "6db1005726a9", "build_makespan_ns": 5520666216401, "context_index": 1, "ended_at_ns": 79502590479708, "event": "ATTEMPT_COMPLETE", "method": "V6", "namespace": "mab
2026-08-27T03:07:17+08:00 b0=49
{"attempt_id": "6db1005726a9", "build_makespan_ns": 5520666216401, "context_index": 1, "ended_at_ns": 79502590479708, "event": "ATTEMPT_COMPLETE", "method": "V6", "namespace": "mab
2026-08-27T03:17:17+08:00 b0=49
{"attempt_id": "6db1005726a9", "build_makespan_ns": 5520666216401, "context_index": 1, "ended_at_ns": 79502590479708, "event": "ATTEMPT_COMPLETE", "method": "V6", "namespace": "mab
2026-08-27T03:27:17+08:00 b0=49
{"attempt_id": "6db1005726a9", "build_makespan_ns": 5520666216401, "context_index": 1, "ended_at_ns": 79502590479708, "event": "ATTEMPT_COMPLETE", "method": "V6", "namespace": "mab
2026-08-27T03:37:17+08:00 b0=49
{"attempt_id": "6db1005726a9", "build_makespan_ns": 5520666216401, "context_index": 1, "ended_at_ns": 79502590479708, "event": "ATTEMPT_COMPLETE", "method": "V6", "namespace": "mab
2026-08-27T03:47:17+08:00 b0=49
{"attempt_id": "6db1005726a9", "build_makespan_ns": 5520666216401, "context_index": 1, "ended_at_ns": 79502590479708, "event": "ATTEMPT_COMPLETE", "method": "V6", "namespace": "mab
2026-08-27T03:57:17+08:00 b0=49
{"attempt_id": "6db1005726a9", "build_makespan_ns": 5520666216401, "context_index": 1, "ended_at_ns": 79502590479708, "event": "ATTEMPT_COMPLETE", "method": "V6", "namespace": "mab
2026-08-27T04:07:17+08:00 b0=49
{"attempt_id": "6db1005726a9", "build_makespan_ns": 5520666216401, "context_index": 1, "ended_at_ns": 79502590479708, "event": "ATTEMPT_COMPLETE", "method": "V6", "namespace": "mab
2026-08-27T04:17:17+08:00 b0=49
{"attempt_id": "6db1005726a9", "build_makespan_ns": 5520666216401, "context_index": 1, "ended_at_ns": 79502590479708, "event": "ATTEMPT_COMPLETE", "method": "V6", "namespace": "mab
2026-08-27T04:27:17+08:00 b0=49
{"attempt_id": "6db1005726a9", "build_makespan_ns": 5520666216401, "context_index": 1, "ended_at_ns": 79502590479708, "event": "ATTEMPT_COMPLETE", "method": "V6", "namespace": "mab
2026-08-27T04:37:17+08:00 b0=49
{"attempt_id": "6db1005726a9", "build_makespan_ns": 5520666216401, "context_index": 1, "ended_at_ns": 79502590479708, "event": "ATTEMPT_COMPLETE", "method": "V6", "namespace": "mab
2026-08-27T04:47:17+08:00 b0=49
{"attempt_id": "6db1005726a9", "build_makespan_ns": 5520666216401, "context_index": 1, "ended_at_ns": 79502590479708, "event": "ATTEMPT_COMPLETE", "method": "V6", "namespace": "mab
2026-08-27T04:57:17+08:00 b0=49
{"attempt_id": "6db1005726a9", "build_makespan_ns": 5520666216401, "context_index": 1, "ended_at_ns": 79502590479708, "event": "ATTEMPT_COMPLETE", "method": "V6", "namespace": "mab
2026-08-27T05:07:17+08:00 b0=49
{"attempt_id": "6db1005726a9", "build_makespan_ns": 5520666216401, "context_index": 1, "ended_at_ns": 79502590479708, "event": "ATTEMPT_COMPLETE", "method": "V6", "namespace": "mab
2026-08-27T05:17:17+08:00 b0=49
{"attempt_id": "6db1005726a9", "build_makespan_ns": 5520666216401, "context_index": 1, "ended_at_ns": 79502590479708, "event": "ATTEMPT_COMPLETE", "method": "V6", "namespace": "mab
2026-08-27T05:27:17+08:00 b0=49
{"attempt_id": "6db1005726a9", "build_makespan_ns": 5520666216401, "context_index": 1, "ended_at_ns": 79502590479708, "event": "ATTEMPT_COMPLETE", "method": "V6", "namespace": "mab
2026-08-27T05:37:17+08:00 b0=49
{"attempt_id": "6db1005726a9", "build_makespan_ns": 5520666216401, "context_index": 1, "ended_at_ns": 79502590479708, "event": "ATTEMPT_COMPLETE", "method": "V6", "namespace": "mab
2026-08-27T05:47:17+08:00 b0=49
{"attempt_id": "6db1005726a9", "build_makespan_ns": 5520666216401, "context_index": 1, "ended_at_ns": 79502590479708, "event": "ATTEMPT_COMPLETE", "method": "V6", "namespace": "mab
2026-08-27T05:57:17+08:00 b0=49
{"attempt_id": "6db1005726a9", "build_makespan_ns": 5520666216401, "context_index": 1, "ended_at_ns": 79502590479708, "event": "ATTEMPT_COMPLETE", "method": "V6", "namespace": "mab
2026-08-27T06:07:17+08:00 b0=49
{"attempt_id": "6db1005726a9", "build_makespan_ns": 5520666216401, "context_index": 1, "ended_at_ns": 79502590479708, "event": "ATTEMPT_COMPLETE", "method": "V6", "namespace": "mab
2026-08-27T06:17:17+08:00 b0=49
{"attempt_id": "6db1005726a9", "build_makespan_ns": 5520666216401, "context_index": 1, "ended_at_ns": 79502590479708, "event": "ATTEMPT_COMPLETE", "method": "V6", "namespace": "mab
2026-08-27T06:27:17+08:00 b0=49
{"attempt_id": "6db1005726a9", "build_makespan_ns": 5520666216401, "context_index": 1, "ended_at_ns": 79502590479708, "event": "ATTEMPT_COMPLETE", "method": "V6", "namespace": "mab
2026-08-27T06:37:17+08:00 b0=49
{"attempt_id": "6db1005726a9", "build_makespan_ns": 5520666216401, "context_index": 1, "ended_at_ns": 79502590479708, "event": "ATTEMPT_COMPLETE", "method": "V6", "namespace": "mab
2026-08-27T06:47:17+08:00 b0=49
{"attempt_id": "6db1005726a9", "build_makespan_ns": 5520666216401, "context_index": 1, "ended_at_ns": 79502590479708, "event": "ATTEMPT_COMPLETE", "method": "V6", "namespace": "mab
2026-08-27T06:57:17+08:00 b0=49
{"attempt_id": "6db1005726a9", "build_makespan_ns": 5520666216401, "context_index": 1, "ended_at_ns": 79502590479708, "event": "ATTEMPT_COMPLETE", "method": "V6", "namespace": "mab
2026-08-27T07:07:17+08:00 b0=49
{"attempt_id": "6db1005726a9", "build_makespan_ns": 5520666216401, "context_index": 1, "ended_at_ns": 79502590479708, "event": "ATTEMPT_COMPLETE", "method": "V6", "namespace": "mab
2026-08-27T07:17:17+08:00 b0=49
{"attempt_id": "6db1005726a9", "build_makespan_ns": 5520666216401, "context_index": 1, "ended_at_ns": 79502590479708, "event": "ATTEMPT_COMPLETE", "method": "V6", "namespace": "mab
2026-08-27T07:27:17+08:00 b0=49
{"attempt_id": "6db1005726a9", "build_makespan_ns": 5520666216401, "context_index": 1, "ended_at_ns": 79502590479708, "event": "ATTEMPT_COMPLETE", "method": "V6", "namespace": "mab
2026-08-27T07:37:17+08:00 b0=49
{"attempt_id": "6db1005726a9", "build_makespan_ns": 5520666216401, "context_index": 1, "ended_at_ns": 79502590479708, "event": "ATTEMPT_COMPLETE", "method": "V6", "namespace": "mab
2026-08-27T07:47:17+08:00 b0=49
{"attempt_id": "6db1005726a9", "build_makespan_ns": 5520666216401, "context_index": 1, "ended_at_ns": 79502590479708, "event": "ATTEMPT_COMPLETE", "method": "V6", "namespace": "mab
2026-08-27T07:57:17+08:00 b0=49
{"attempt_id": "6db1005726a9", "build_makespan_ns": 5520666216401, "context_index": 1, "ended_at_ns": 79502590479708, "event": "ATTEMPT_COMPLETE", "method": "V6", "namespace": "mab
2026-08-27T08:07:17+08:00 b0=49
{"attempt_id": "6db1005726a9", "build_makespan_ns": 5520666216401, "context_index": 1, "ended_at_ns": 79502590479708, "event": "ATTEMPT_COMPLETE", "method": "V6", "namespace": "mab
2026-08-27T08:17:17+08:00 b0=49
{"attempt_id": "6db1005726a9", "build_makespan_ns": 5520666216401, "context_index": 1, "ended_at_ns": 79502590479708, "event": "ATTEMPT_COMPLETE", "method": "V6", "namespace": "mab
2026-08-27T08:27:17+08:00 b0=49
{"attempt_id": "6db1005726a9", "build_makespan_ns": 5520666216401, "context_index": 1, "ended_at_ns": 79502590479708, "event": "ATTEMPT_COMPLETE", "method": "V6", "namespace": "mab
2026-08-27T08:37:17+08:00 b0=49
{"attempt_id": "6db1005726a9", "build_makespan_ns": 5520666216401, "context_index": 1, "ended_at_ns": 79502590479708, "event": "ATTEMPT_COMPLETE", "method": "V6", "namespace": "mab
2026-08-27T08:47:17+08:00 b0=49
{"attempt_id": "6db1005726a9", "build_makespan_ns": 5520666216401, "context_index": 1, "ended_at_ns": 79502590479708, "event": "ATTEMPT_COMPLETE", "method": "V6", "namespace": "mab
2026-08-27T08:57:17+08:00 b0=49
{"attempt_id": "6db1005726a9", "build_makespan_ns": 5520666216401, "context_index": 1, "ended_at_ns": 79502590479708, "event": "ATTEMPT_COMPLETE", "method": "V6", "namespace": "mab
2026-08-27T09:07:17+08:00 b0=49
{"attempt_id": "6db1005726a9", "build_makespan_ns": 5520666216401, "context_index": 1, "ended_at_ns": 79502590479708, "event": "ATTEMPT_COMPLETE", "method": "V6", "namespace": "mab
2026-08-27T09:17:17+08:00 b0=49
{"attempt_id": "6db1005726a9", "build_makespan_ns": 5520666216401, "context_index": 1, "ended_at_ns": 79502590479708, "event": "ATTEMPT_COMPLETE", "method": "V6", "namespace": "mab
2026-08-27T09:27:17+08:00 b0=49
{"attempt_id": "6db1005726a9", "build_makespan_ns": 5520666216401, "context_index": 1, "ended_at_ns": 79502590479708, "event": "ATTEMPT_COMPLETE", "method": "V6", "namespace": "mab
2026-08-27T09:37:17+08:00 b0=49
{"attempt_id": "6db1005726a9", "build_makespan_ns": 5520666216401, "context_index": 1, "ended_at_ns": 79502590479708, "event": "ATTEMPT_COMPLETE", "method": "V6", "namespace": "mab
2026-08-27T09:47:17+08:00 b0=49
{"attempt_id": "6db1005726a9", "build_makespan_ns": 5520666216401, "context_index": 1, "ended_at_ns": 79502590479708, "event": "ATTEMPT_COMPLETE", "method": "V6", "namespace": "mab
2026-08-27T09:57:17+08:00 b0=49
{"attempt_id": "6db1005726a9", "build_makespan_ns": 5520666216401, "context_index": 1, "ended_at_ns": 79502590479708, "event": "ATTEMPT_COMPLETE", "method": "V6", "namespace": "mab
2026-08-27T10:07:17+08:00 b0=49
{"attempt_id": "6db1005726a9", "build_makespan_ns": 5520666216401, "context_index": 1, "ended_at_ns": 79502590479708, "event": "ATTEMPT_COMPLETE", "method": "V6", "namespace": "mab
2026-08-27T10:17:17+08:00 b0=49
{"attempt_id": "6db1005726a9", "build_makespan_ns": 5520666216401, "context_index": 1, "ended_at_ns": 79502590479708, "event": "ATTEMPT_COMPLETE", "method": "V6", "namespace": "mab
2026-08-27T10:27:17+08:00 b0=49
{"attempt_id": "6db1005726a9", "build_makespan_ns": 5520666216401, "context_index": 1, "ended_at_ns": 79502590479708, "event": "ATTEMPT_COMPLETE", "method": "V6", "namespace": "mab
2026-08-27T10:37:17+08:00 b0=49
{"attempt_id": "6db1005726a9", "build_makespan_ns": 5520666216401, "context_index": 1, "ended_at_ns": 79502590479708, "event": "ATTEMPT_COMPLETE", "method": "V6", "namespace": "mab
2026-08-27T10:47:17+08:00 b0=49
{"attempt_id": "6db1005726a9", "build_makespan_ns": 5520666216401, "context_index": 1, "ended_at_ns": 79502590479708, "event": "ATTEMPT_COMPLETE", "method": "V6", "namespace": "mab
2026-08-27T10:57:17+08:00 b0=49
{"attempt_id": "6db1005726a9", "build_makespan_ns": 5520666216401, "context_index": 1, "ended_at_ns": 79502590479708, "event": "ATTEMPT_COMPLETE", "method": "V6", "namespace": "mab
2026-08-27T11:07:17+08:00 b0=49
{"attempt_id": "6db1005726a9", "build_makespan_ns": 5520666216401, "context_index": 1, "ended_at_ns": 79502590479708, "event": "ATTEMPT_COMPLETE", "method": "V6", "namespace": "mab
2026-08-27T11:17:17+08:00 b0=49
{"attempt_id": "6db1005726a9", "build_makespan_ns": 5520666216401, "context_index": 1, "ended_at_ns": 79502590479708, "event": "ATTEMPT_COMPLETE", "method": "V6", "namespace": "mab
2026-08-27T11:27:17+08:00 b0=49
{"attempt_id": "6db1005726a9", "build_makespan_ns": 5520666216401, "context_index": 1, "ended_at_ns": 79502590479708, "event": "ATTEMPT_COMPLETE", "method": "V6", "namespace": "mab
2026-08-27T11:37:17+08:00 b0=49
{"attempt_id": "6db1005726a9", "build_makespan_ns": 5520666216401, "context_index": 1, "ended_at_ns": 79502590479708, "event": "ATTEMPT_COMPLETE", "method": "V6", "namespace": "mab
2026-08-27T11:47:17+08:00 b0=49
{"attempt_id": "6db1005726a9", "build_makespan_ns": 5520666216401, "context_index": 1, "ended_at_ns": 79502590479708, "event": "ATTEMPT_COMPLETE", "method": "V6", "namespace": "mab
2026-08-27T11:57:17+08:00 b0=49
{"attempt_id": "6db1005726a9", "build_makespan_ns": 5520666216401, "context_index": 1, "ended_at_ns": 79502590479708, "event": "ATTEMPT_COMPLETE", "method": "V6", "namespace": "mab
2026-08-27T12:07:17+08:00 b0=49
{"attempt_id": "6db1005726a9", "build_makespan_ns": 5520666216401, "context_index": 1, "ended_at_ns": 79502590479708, "event": "ATTEMPT_COMPLETE", "method": "V6", "namespace": "mab
2026-08-27T12:17:17+08:00 b0=49
{"attempt_id": "6db1005726a9", "build_makespan_ns": 5520666216401, "context_index": 1, "ended_at_ns": 79502590479708, "event": "ATTEMPT_COMPLETE", "method": "V6", "namespace": "mab
2026-08-27T12:27:17+08:00 b0=49
{"attempt_id": "6db1005726a9", "build_makespan_ns": 5520666216401, "context_index": 1, "ended_at_ns": 79502590479708, "event": "ATTEMPT_COMPLETE", "method": "V6", "namespace": "mab
2026-08-27T12:37:17+08:00 b0=49
{"attempt_id": "6db1005726a9", "build_makespan_ns": 5520666216401, "context_index": 1, "ended_at_ns": 79502590479708, "event": "ATTEMPT_COMPLETE", "method": "V6", "namespace": "mab
2026-08-27T12:47:17+08:00 b0=49
{"attempt_id": "6db1005726a9", "build_makespan_ns": 5520666216401, "context_index": 1, "ended_at_ns": 79502590479708, "event": "ATTEMPT_COMPLETE", "method": "V6", "namespace": "mab
2026-08-27T12:57:17+08:00 b0=49
{"attempt_id": "6db1005726a9", "build_makespan_ns": 5520666216401, "context_index": 1, "ended_at_ns": 79502590479708, "event": "ATTEMPT_COMPLETE", "method": "V6", "namespace": "mab
2026-08-27T13:07:17+08:00 b0=49
{"attempt_id": "6db1005726a9", "build_makespan_ns": 5520666216401, "context_index": 1, "ended_at_ns": 79502590479708, "event": "ATTEMPT_COMPLETE", "method": "V6", "namespace": "mab
2026-08-27T13:17:17+08:00 b0=49
{"attempt_id": "6db1005726a9", "build_makespan_ns": 5520666216401, "context_index": 1, "ended_at_ns": 79502590479708, "event": "ATTEMPT_COMPLETE", "method": "V6", "namespace": "mab
2026-08-27T13:27:17+08:00 b0=49
{"attempt_id": "6db1005726a9", "build_makespan_ns": 5520666216401, "context_index": 1, "ended_at_ns": 79502590479708, "event": "ATTEMPT_COMPLETE", "method": "V6", "namespace": "mab
2026-08-27T13:37:17+08:00 b0=49
{"attempt_id": "6db1005726a9", "build_makespan_ns": 5520666216401, "context_index": 1, "ended_at_ns": 79502590479708, "event": "ATTEMPT_COMPLETE", "method": "V6", "namespace": "mab
2026-08-27T13:47:17+08:00 b0=49
{"attempt_id": "6db1005726a9", "build_makespan_ns": 5520666216401, "context_index": 1, "ended_at_ns": 79502590479708, "event": "ATTEMPT_COMPLETE", "method": "V6", "namespace": "mab
2026-08-27T13:57:17+08:00 b0=49
{"attempt_id": "6db1005726a9", "build_makespan_ns": 5520666216401, "context_index": 1, "ended_at_ns": 79502590479708, "event": "ATTEMPT_COMPLETE", "method": "V6", "namespace": "mab
2026-08-27T14:07:17+08:00 b0=49
{"attempt_id": "6db1005726a9", "build_makespan_ns": 5520666216401, "context_index": 1, "ended_at_ns": 79502590479708, "event": "ATTEMPT_COMPLETE", "method": "V6", "namespace": "mab
2026-08-27T14:17:17+08:00 b0=49
{"attempt_id": "6db1005726a9", "build_makespan_ns": 5520666216401, "context_index": 1, "ended_at_ns": 79502590479708, "event": "ATTEMPT_COMPLETE", "method": "V6", "namespace": "mab
2026-08-27T14:27:17+08:00 b0=49
{"attempt_id": "6db1005726a9", "build_makespan_ns": 5520666216401, "context_index": 1, "ended_at_ns": 79502590479708, "event": "ATTEMPT_COMPLETE", "method": "V6", "namespace": "mab
2026-08-27T14:37:18+08:00 b0=49
{"attempt_id": "6db1005726a9", "build_makespan_ns": 5520666216401, "context_index": 1, "ended_at_ns": 79502590479708, "event": "ATTEMPT_COMPLETE", "method": "V6", "namespace": "mab
2026-08-27T14:47:18+08:00 b0=49
{"attempt_id": "6db1005726a9", "build_makespan_ns": 5520666216401, "context_index": 1, "ended_at_ns": 79502590479708, "event": "ATTEMPT_COMPLETE", "method": "V6", "namespace": "mab
2026-08-27T14:57:18+08:00 b0=49
{"attempt_id": "6db1005726a9", "build_makespan_ns": 5520666216401, "context_index": 1, "ended_at_ns": 79502590479708, "event": "ATTEMPT_COMPLETE", "method": "V6", "namespace": "mab
2026-08-27T15:07:18+08:00 b0=49
{"attempt_id": "6db1005726a9", "build_makespan_ns": 5520666216401, "context_index": 1, "ended_at_ns": 79502590479708, "event": "ATTEMPT_COMPLETE", "method": "V6", "namespace": "mab
2026-08-27T15:17:18+08:00 b0=49
{"attempt_id": "6db1005726a9", "build_makespan_ns": 5520666216401, "context_index": 1, "ended_at_ns": 79502590479708, "event": "ATTEMPT_COMPLETE", "method": "V6", "namespace": "mab
2026-08-27T15:27:18+08:00 b0=49
{"attempt_id": "6db1005726a9", "build_makespan_ns": 5520666216401, "context_index": 1, "ended_at_ns": 79502590479708, "event": "ATTEMPT_COMPLETE", "method": "V6", "namespace": "mab
2026-08-27T15:37:18+08:00 b0=49
{"attempt_id": "6db1005726a9", "build_makespan_ns": 5520666216401, "context_index": 1, "ended_at_ns": 79502590479708, "event": "ATTEMPT_COMPLETE", "method": "V6", "namespace": "mab
2026-08-27T15:47:18+08:00 b0=49
{"attempt_id": "6db1005726a9", "build_makespan_ns": 5520666216401, "context_index": 1, "ended_at_ns": 79502590479708, "event": "ATTEMPT_COMPLETE", "method": "V6", "namespace": "mab
2026-08-27T15:57:18+08:00 b0=49
{"attempt_id": "6db1005726a9", "build_makespan_ns": 5520666216401, "context_index": 1, "ended_at_ns": 79502590479708, "event": "ATTEMPT_COMPLETE", "method": "V6", "namespace": "mab
2026-08-27T16:07:18+08:00 b0=49
{"attempt_id": "6db1005726a9", "build_makespan_ns": 5520666216401, "context_index": 1, "ended_at_ns": 79502590479708, "event": "ATTEMPT_COMPLETE", "method": "V6", "namespace": "mab
2026-08-27T16:17:18+08:00 b0=49
{"attempt_id": "6db1005726a9", "build_makespan_ns": 5520666216401, "context_index": 1, "ended_at_ns": 79502590479708, "event": "ATTEMPT_COMPLETE", "method": "V6", "namespace": "mab
2026-08-27T16:27:18+08:00 b0=49
{"attempt_id": "6db1005726a9", "build_makespan_ns": 5520666216401, "context_index": 1, "ended_at_ns": 79502590479708, "event": "ATTEMPT_COMPLETE", "method": "V6", "namespace": "mab
2026-08-27T16:37:18+08:00 b0=49
{"attempt_id": "6db1005726a9", "build_makespan_ns": 5520666216401, "context_index": 1, "ended_at_ns": 79502590479708, "event": "ATTEMPT_COMPLETE", "method": "V6", "namespace": "mab
2026-08-27T16:47:18+08:00 b0=49
{"attempt_id": "6db1005726a9", "build_makespan_ns": 5520666216401, "context_index": 1, "ended_at_ns": 79502590479708, "event": "ATTEMPT_COMPLETE", "method": "V6", "namespace": "mab
2026-08-27T16:57:18+08:00 b0=49
{"attempt_id": "6db1005726a9", "build_makespan_ns": 5520666216401, "context_index": 1, "ended_at_ns": 79502590479708, "event": "ATTEMPT_COMPLETE", "method": "V6", "namespace": "mab
