Source entity not found in nodes for edge relation: PLAYS_GAME
Target entity not found in nodes for edge relation: OWNS
Target entity not found in nodes for edge relation: HAS_ATTRIBUTE
Source entity not found in nodes for edge relation: PLANS_TO_RESIZE
Target entity not found in nodes for edge relation: HAS_FEATURE
Target entity not found in nodes for edge relation: HAS_FEATURE
Target entity not found in nodes for edge relation: HAS_FEATURE
Target entity not found in nodes for edge relation: HAS_FEATURE
Target entity not found in nodes for edge relation: HAS_FEATURE
Target entity not found in nodes for edge relation: HAS_FEATURE
Target entity not found in nodes for edge relation: HAS_FEATURE
Target entity not found in nodes for edge relation: HAS_FEATURE
Target entity not found in nodes for edge relation: HAS_FEATURE
Target entity not found in nodes for edge relation: RECOMMENDS
Target entity not found in nodes for edge relation: RECOMMENDS
Target entity not found in nodes for edge relation: IMPACTS_INTERACTION_WITH
Target entity not found in nodes for edge relation: IMPROVED_BY_ADDING
Target entity not found in nodes for edge relation: IMPROVED_BY_USING
Target entity not found in nodes for edge relation: IMPROVED_BY_PRACTICING
Target entity not found in nodes for edge relation: PREPARED_WITH_ADDING
Target entity not found in nodes for edge relation: PROVIDES_CONTACT_INFORMATION_FOR
Target entity not found in nodes for edge relation: HAS_EXPERIENCE_WITH
Target entity not found in nodes for edge relation: PRACTICES
Target entity not found in nodes for edge relation: REVERES
Target entity not found in nodes for edge relation: EXPECTED_TO_ATTEND
Target entity not found in nodes for edge relation: ENGAGED_IN
Target entity not found in nodes for edge relation: CONSULTED
Target entity not found in nodes for edge relation: TURNED_TO
Target entity not found in nodes for edge relation: WORKED_ON
Target entity not found in nodes for edge relation: WORKED_BENT_OVER
Target entity not found in nodes for edge relation: TENSED
Target entity not found in nodes for edge relation: ENGAGED
Target entity not found in nodes for edge relation: RESUMED
Target entity not found in nodes for edge relation: STOPPED_CAUSE_OF
Target entity not found in nodes for edge relation: USES
Target entity not found in nodes for edge relation: USES
Target entity not found in nodes for edge relation: USES
Target entity not found in nodes for edge relation: USES
Target entity not found in nodes for edge relation: USES
Target entity not found in nodes for edge relation: USES
Target entity not found in nodes for edge relation: USES
Target entity not found in nodes for edge relation: USES
Target entity not found in nodes for edge relation: USES
Target entity not found in nodes for edge relation: ALTERED_BY
Target entity not found in nodes for edge relation: ALTERED_BY
Target entity not found in nodes for edge relation: ALTERED_BY
Target entity not found in nodes for edge relation: INCORPORATED_INTO
Target entity not found in nodes for edge relation: VISITED
Target entity not found in nodes for edge relation: EYED
Target entity not found in nodes for edge relation: PURCHASED
Target entity not found in nodes for edge relation: FREQUENTS
Target entity not found in nodes for edge relation: RECOMMENDS
Target entity not found in nodes for edge relation: RECOMMENDS
Target entity not found in nodes for edge relation: RECOMMENDS
Target entity not found in nodes for edge relation: RECOMMENDS
Target entity not found in nodes for edge relation: RECOMMENDS
Target entity not found in nodes for edge relation: RECOMMENDS
Target entity not found in nodes for edge relation: RECOMMENDS
Target entity not found in nodes for edge relation: RECOMMENDS
Target entity not found in nodes for edge relation: HAS_FEATURE
Target entity not found in nodes for edge relation: HAS_FEATURE
Target entity not found in nodes for edge relation: HAS_FEATURE
Target entity not found in nodes for edge relation: HAS_FEATURE
Target entity not found in nodes for edge relation: HAS_FEATURE
Target entity not found in nodes for edge relation: HAS_FEATURE
Target entity not found in nodes for edge relation: HAS_FEATURE
Target entity not found in nodes for edge relation: HAS_FEATURE
Target entity not found in nodes for edge relation: HAS_PRICE_RANGE
Target entity not found in nodes for edge relation: HAS_PRICE_RANGE
Target entity not found in nodes for edge relation: HAS_PRICE_RANGE
Target entity not found in nodes for edge relation: HAS_PRICE_RANGE
Target entity not found in nodes for edge relation: HAS_FEATURE
Target entity not found in nodes for edge relation: HAS_FEATURE
Target entity not found in nodes for edge relation: HAS_FEATURE
Target entity not found in nodes for edge relation: HAS_FEATURE
Source entity not found in nodes for edge relation: PLAYS_GAME
Target entity not found in nodes for edge relation: OWNS
Target entity not found in nodes for edge relation: HAS_ATTRIBUTE
Source entity not found in nodes for edge relation: PLANS_TO_RESIZE
Target entity not found in nodes for edge relation: HAS_FEATURE
Target entity not found in nodes for edge relation: HAS_FEATURE
Target entity not found in nodes for edge relation: HAS_FEATURE
Target entity not found in nodes for edge relation: HAS_FEATURE
Target entity not found in nodes for edge relation: HAS_FEATURE
Target entity not found in nodes for edge relation: HAS_FEATURE
Target entity not found in nodes for edge relation: HAS_FEATURE
Target entity not found in nodes for edge relation: HAS_FEATURE
Target entity not found in nodes for edge relation: HAS_FEATURE
Target entity not found in nodes for edge relation: IMPROVED_BY_ADDING
Target entity not found in nodes for edge relation: IMPROVED_BY_USING
Target entity not found in nodes for edge relation: IMPROVED_BY_PRACTICING
Target entity not found in nodes for edge relation: PREPARED_WITH_ADDING
Target entity not found in nodes for edge relation: IMPACTS_INTERACTION_WITH
Target entity not found in nodes for edge relation: HAS_EXPERIENCE_WITH
Target entity not found in nodes for edge relation: PRACTICES
Target entity not found in nodes for edge relation: REVERES
Target entity not found in nodes for edge relation: EXPECTED_TO_ATTEND
Target entity not found in nodes for edge relation: ENGAGED_IN
Target entity not found in nodes for edge relation: CONSULTED
Target entity not found in nodes for edge relation: TURNED_TO
Target entity not found in nodes for edge relation: WORKED_ON
Target entity not found in nodes for edge relation: WORKED_BENT_OVER
Target entity not found in nodes for edge relation: TENSED
Target entity not found in nodes for edge relation: ENGAGED
Target entity not found in nodes for edge relation: RESUMED
Target entity not found in nodes for edge relation: STOPPED_CAUSE_OF
Target entity not found in nodes for edge relation: PROVIDES_CONTACT_INFORMATION_FOR
Target entity not found in nodes for edge relation: ALTERED_BY
Target entity not found in nodes for edge relation: ALTERED_BY
Target entity not found in nodes for edge relation: ALTERED_BY
Target entity not found in nodes for edge relation: USES
Target entity not found in nodes for edge relation: USES
Target entity not found in nodes for edge relation: USES
Target entity not found in nodes for edge relation: USES
Target entity not found in nodes for edge relation: USES
Target entity not found in nodes for edge relation: USES
Target entity not found in nodes for edge relation: USES
Target entity not found in nodes for edge relation: USES
Target entity not found in nodes for edge relation: USES
Target entity not found in nodes for edge relation: RECOMMENDS
Target entity not found in nodes for edge relation: RECOMMENDS
Target entity not found in nodes for edge relation: RECOMMENDS
Target entity not found in nodes for edge relation: RECOMMENDS
Target entity not found in nodes for edge relation: RECOMMENDS
Target entity not found in nodes for edge relation: RECOMMENDS
Target entity not found in nodes for edge relation: RECOMMENDS
Target entity not found in nodes for edge relation: RECOMMENDS
Target entity not found in nodes for edge relation: HAS_FEATURE
Target entity not found in nodes for edge relation: HAS_FEATURE
Target entity not found in nodes for edge relation: HAS_FEATURE
Target entity not found in nodes for edge relation: HAS_FEATURE
Target entity not found in nodes for edge relation: HAS_FEATURE
Target entity not found in nodes for edge relation: HAS_FEATURE
Target entity not found in nodes for edge relation: HAS_FEATURE
Target entity not found in nodes for edge relation: HAS_FEATURE
Target entity not found in nodes for edge relation: HAS_PRICE_RANGE
Target entity not found in nodes for edge relation: HAS_PRICE_RANGE
Target entity not found in nodes for edge relation: HAS_PRICE_RANGE
Target entity not found in nodes for edge relation: HAS_PRICE_RANGE
Target entity not found in nodes for edge relation: HAS_FEATURE
Target entity not found in nodes for edge relation: HAS_FEATURE
Target entity not found in nodes for edge relation: HAS_FEATURE
Target entity not found in nodes for edge relation: HAS_FEATURE
Target entity not found in nodes for edge relation: INCORPORATED_INTO
Target entity not found in nodes for edge relation: VISITED
Target entity not found in nodes for edge relation: EYED
Target entity not found in nodes for edge relation: PURCHASED
Target entity not found in nodes for edge relation: FREQUENTS
{"claim_status": "QUALIFICATION_ONLY", "output_root": "/data/predator/ly/MemBind/saturated_fixed_work_baseline_v1_3/artifacts/sfwb-v1-3-v6-autoresearch-20260822-191241/main/v6-r07-v6", "status": "V6_PROBE_SEALED"}
