Target entity not found in nodes for edge relation: HOSTED_AT
Target entity not found in nodes for edge relation: IS_A_TYPE_OF
Target entity not found in nodes for edge relation: IS_A_TYPE_OF
Target entity not found in nodes for edge relation: IS_A_TYPE_OF
Target entity not found in nodes for edge relation: IS_A_TYPE_OF
Source entity not found in nodes for edge relation: PLAYS_GAME
Source entity not found in nodes for edge relation: ATTEMPTS_TO_COMPLETE
Source entity not found in nodes for edge relation: USES_PLATFORM
Source entity not found in nodes for edge relation: HAS_PROGRESS
Source entity not found in nodes for edge relation: HAS_CAUGHT
Target entity not found in nodes for edge relation: OWNS
Target entity not found in nodes for edge relation: HAS_ATTRIBUTE
Source entity not found in nodes for edge relation: PLANS_TO_RESIZE
Source entity not found in nodes for edge relation: WANTS_TO_IMPROVE_FIT
Source entity not found in nodes for edge relation: HAS_SENTIMENTAL_VALUE
Target entity not found in nodes for edge relation: IS_A_TYPE_OF
Target entity not found in nodes for edge relation: IS_A_TYPE_OF
Target entity not found in nodes for edge relation: IS_A_TYPE_OF
Target entity not found in nodes for edge relation: IS_A_TYPE_OF
Target entity not found in nodes for edge relation: HOSTED_AT
Source entity not found in nodes for edge relation: PLAYS_GAME
Source entity not found in nodes for edge relation: ATTEMPTS_TO_COMPLETE
Source entity not found in nodes for edge relation: USES_PLATFORM
Source entity not found in nodes for edge relation: HAS_PROGRESS
Source entity not found in nodes for edge relation: HAS_CAUGHT
Target entity not found in nodes for edge relation: OWNS
Target entity not found in nodes for edge relation: HAS_ATTRIBUTE
Source entity not found in nodes for edge relation: PLANS_TO_RESIZE
Source entity not found in nodes for edge relation: WANTS_TO_IMPROVE_FIT
Source entity not found in nodes for edge relation: HAS_SENTIMENTAL_VALUE
{"claim_status": "QUALIFICATION_ONLY", "output_root": "/data/predator/ly/MemBind/saturated_fixed_work_baseline_v1_3/artifacts/sfwb-v1-3-v6-autoresearch-20260822-191241/prefix/v6-r05-v6", "status": "V6_PROBE_SEALED"}
