Target entity not found in nodes for edge relation: USED_IN
Source entity not found in nodes for edge relation: PLAYS_GAME
Source entity not found in nodes for edge relation: ATTEMPTS_TO_COMPLETE
Target entity not found in nodes for edge relation: OWNS
Target entity not found in nodes for edge relation: HAS_ATTRIBUTE
Target entity not found in nodes for edge relation: PLANS_TO_RESIZE
Source entity not found in nodes for edge relation: WANTS_TO_IMPROVE_FIT
Source entity not found in nodes for edge relation: HAS_SENTIMENTAL_VALUE
Target entity not found in nodes for edge relation: RECOMMENDS_GAME
Invalid duplicate_candidate_id 2 for extracted node 1686d898-31d9-4829-86d3-c09c1ff2fe40; treating as no duplicate.
Target entity not found in nodes for edge relation: HOSTED_AT
Source entity not found in nodes for edge relation: PLAYS_GAME
Target entity not found in nodes for edge relation: OWNS
Target entity not found in nodes for edge relation: HAS_ATTRIBUTE
Target entity not found in nodes for edge relation: PLANS_TO_RESIZE
Target entity not found in nodes for edge relation: OWNS
Target entity not found in nodes for edge relation: HAS_ATTRIBUTE
Target entity not found in nodes for edge relation: OWNS
Target entity not found in nodes for edge relation: OWNS
{"claim_status": "QUALIFICATION_ONLY", "output_root": "/data/predator/ly/MemBind/saturated_fixed_work_baseline_v1_3/artifacts/sfwb-v1-3-v6-autoresearch-20260822-191241/prefix/v6-r05-control", "status": "V6_PROBE_SEALED"}
