Target entity not found in nodes for edge relation: HOSTED_AT
Target entity not found in nodes for edge relation: USED_BY
Source entity not found in nodes for edge relation: PLAYS_GAME
Target entity not found in nodes for edge relation: OWNS
Target entity not found in nodes for edge relation: HAS_ATTRIBUTE
Source entity not found in nodes for edge relation: PLANS_TO_RESIZE
Source entity not found in nodes for edge relation: HAS_REASON
Target entity not found in nodes for edge relation: IMPACTS_INTERACTION_WITH
Target entity not found in nodes for edge relation: RECOMMENDS
Target entity not found in nodes for edge relation: RECOMMENDS
Target entity not found in nodes for edge relation: IMPLEMENTED_IN
Target entity not found in nodes for edge relation: HAS_EXPERIENCE_WITH
Target entity not found in nodes for edge relation: PRACTICES
Target entity not found in nodes for edge relation: REVERES
Target entity not found in nodes for edge relation: EXPECTED_TO_ATTEND
Target entity not found in nodes for edge relation: PARTICIPATED_IN
Target entity not found in nodes for edge relation: CONSULTED
Target entity not found in nodes for edge relation: TURNED_TO
Target entity not found in nodes for edge relation: TRAINED_IN
Target entity not found in nodes for edge relation: WORKED_ON
Target entity not found in nodes for edge relation: EXPERIENCED
Target entity not found in nodes for edge relation: TENSED
Target entity not found in nodes for edge relation: ENGAGED
Target entity not found in nodes for edge relation: RECOVERED_FROM
Target entity not found in nodes for edge relation: MENTORED_BY
Target entity not found in nodes for edge relation: THEME_EXPLORED
Target entity not found in nodes for edge relation: INFLUENCED
Target entity not found in nodes for edge relation: INFLUENCED
Target entity not found in nodes for edge relation: EXPLORES_THEME
Target entity not found in nodes for edge relation: USES
Target entity not found in nodes for edge relation: USES
Target entity not found in nodes for edge relation: USES
Target entity not found in nodes for edge relation: USES
Target entity not found in nodes for edge relation: USES
Target entity not found in nodes for edge relation: USES
Target entity not found in nodes for edge relation: USES
Target entity not found in nodes for edge relation: USES
Target entity not found in nodes for edge relation: USES
Target entity not found in nodes for edge relation: ALTERED_BY
Target entity not found in nodes for edge relation: ALTERED_BY
Target entity not found in nodes for edge relation: ALTERED_BY
Target entity not found in nodes for edge relation: INCORPORATED_INTO
Target entity not found in nodes for edge relation: VISITED
Target entity not found in nodes for edge relation: EYEING
Target entity not found in nodes for edge relation: PURCHASED
Target entity not found in nodes for edge relation: ENROLLED_IN
Target entity not found in nodes for edge relation: EYEING
Target entity not found in nodes for edge relation: RECOMMENDS
Target entity not found in nodes for edge relation: RECOMMENDS
Target entity not found in nodes for edge relation: RECOMMENDS
Target entity not found in nodes for edge relation: RECOMMENDS
Target entity not found in nodes for edge relation: RECOMMENDS
Target entity not found in nodes for edge relation: RECOMMENDS
Target entity not found in nodes for edge relation: RECOMMENDS
Target entity not found in nodes for edge relation: RECOMMENDS
Target entity not found in nodes for edge relation: HAS_FEATURE
Target entity not found in nodes for edge relation: HAS_FEATURE
Target entity not found in nodes for edge relation: HAS_FEATURE
Target entity not found in nodes for edge relation: HAS_FEATURE
Target entity not found in nodes for edge relation: HAS_FEATURE
Target entity not found in nodes for edge relation: HAS_FEATURE
Target entity not found in nodes for edge relation: HAS_FEATURE
Target entity not found in nodes for edge relation: HAS_FEATURE
Target entity not found in nodes for edge relation: HAS_PRICE_RANGE
Target entity not found in nodes for edge relation: HAS_PRICE_RANGE
Target entity not found in nodes for edge relation: HAS_PRICE_RANGE
Target entity not found in nodes for edge relation: HAS_PRICE_RANGE
Target entity not found in nodes for edge relation: HAS_TECHNOLOGY
Target entity not found in nodes for edge relation: HAS_TECHNOLOGY
Target entity not found in nodes for edge relation: HAS_TECHNOLOGY
Target entity not found in nodes for edge relation: HAS_TECHNOLOGY
Target entity not found in nodes for edge relation: HOSTED_AT
Source entity not found in nodes for edge relation: PLAYS_GAME
Target entity not found in nodes for edge relation: OWNS
Target entity not found in nodes for edge relation: HAS_ATTRIBUTE
Source entity not found in nodes for edge relation: PLANS_TO_RESIZE
Source entity not found in nodes for edge relation: HAS_REASON
Target entity not found in nodes for edge relation: USED_BY
Target entity not found in nodes for edge relation: IMPACTS_INTERACTION_WITH
Target entity not found in nodes for edge relation: HAS_EXPERIENCE_WITH
Target entity not found in nodes for edge relation: PRACTICES
Target entity not found in nodes for edge relation: REVERES
Target entity not found in nodes for edge relation: EXPECTED_TO_ATTEND
Target entity not found in nodes for edge relation: PARTICIPATED_IN
Target entity not found in nodes for edge relation: CONSULTED
Target entity not found in nodes for edge relation: TURNED_TO
Target entity not found in nodes for edge relation: TRAINED_IN
Target entity not found in nodes for edge relation: WORKED_ON
Target entity not found in nodes for edge relation: EXPERIENCED
Target entity not found in nodes for edge relation: TENSED
Target entity not found in nodes for edge relation: ENGAGED
Target entity not found in nodes for edge relation: RECOVERED_FROM
Target entity not found in nodes for edge relation: MENTORED_BY
Target entity not found in nodes for edge relation: THEME_EXPLORED
Target entity not found in nodes for edge relation: INFLUENCED
Target entity not found in nodes for edge relation: INFLUENCED
Target entity not found in nodes for edge relation: IMPLEMENTED_IN
Target entity not found in nodes for edge relation: EXPLORES_THEME
Target entity not found in nodes for edge relation: ALTERED_BY
Target entity not found in nodes for edge relation: ALTERED_BY
Target entity not found in nodes for edge relation: ALTERED_BY
Target entity not found in nodes for edge relation: USES
Target entity not found in nodes for edge relation: USES
Target entity not found in nodes for edge relation: USES
Target entity not found in nodes for edge relation: USES
Target entity not found in nodes for edge relation: USES
Target entity not found in nodes for edge relation: USES
Target entity not found in nodes for edge relation: USES
Target entity not found in nodes for edge relation: USES
Target entity not found in nodes for edge relation: USES
Target entity not found in nodes for edge relation: RECOMMENDS
Target entity not found in nodes for edge relation: RECOMMENDS
Target entity not found in nodes for edge relation: RECOMMENDS
Target entity not found in nodes for edge relation: RECOMMENDS
Target entity not found in nodes for edge relation: RECOMMENDS
Target entity not found in nodes for edge relation: RECOMMENDS
Target entity not found in nodes for edge relation: RECOMMENDS
Target entity not found in nodes for edge relation: RECOMMENDS
Target entity not found in nodes for edge relation: HAS_FEATURE
Target entity not found in nodes for edge relation: HAS_FEATURE
Target entity not found in nodes for edge relation: HAS_FEATURE
Target entity not found in nodes for edge relation: HAS_FEATURE
Target entity not found in nodes for edge relation: HAS_FEATURE
Target entity not found in nodes for edge relation: HAS_FEATURE
Target entity not found in nodes for edge relation: HAS_FEATURE
Target entity not found in nodes for edge relation: HAS_FEATURE
Target entity not found in nodes for edge relation: HAS_PRICE_RANGE
Target entity not found in nodes for edge relation: HAS_PRICE_RANGE
Target entity not found in nodes for edge relation: HAS_PRICE_RANGE
Target entity not found in nodes for edge relation: HAS_PRICE_RANGE
Target entity not found in nodes for edge relation: HAS_TECHNOLOGY
Target entity not found in nodes for edge relation: HAS_TECHNOLOGY
Target entity not found in nodes for edge relation: HAS_TECHNOLOGY
Target entity not found in nodes for edge relation: HAS_TECHNOLOGY
Target entity not found in nodes for edge relation: INCORPORATED_INTO
Target entity not found in nodes for edge relation: VISITED
Target entity not found in nodes for edge relation: EYEING
Target entity not found in nodes for edge relation: PURCHASED
Target entity not found in nodes for edge relation: ENROLLED_IN
Target entity not found in nodes for edge relation: EYEING
{"claim_status": "QUALIFICATION_ONLY", "output_root": "/data/predator/ly/MemBind/saturated_fixed_work_baseline_v1_3/artifacts/sfwb-v1-3-v6-autoresearch-20260822-191241/main/v6-r06-v6", "status": "V6_PROBE_SEALED"}
