Target entity not found in nodes for edge relation: HOSTED_AT
Target entity not found in nodes for edge relation: USED_BY
Source entity not found in nodes for edge relation: PLAYS_GAME
Target entity not found in nodes for edge relation: OWNS
Target entity not found in nodes for edge relation: HAS_ATTRIBUTE
Source entity not found in nodes for edge relation: PLANS_TO_RESIZE
Source entity not found in nodes for edge relation: HAS_REASON
Target entity not found in nodes for edge relation: IMPACTS_INTERACTION_WITH
Target entity not found in nodes for edge relation: RECOMMENDS
Target entity not found in nodes for edge relation: IMPLEMENTED_IN
Source entity not found in nodes for edge relation: REFERRED_IN_RESOURCE
Source entity not found in nodes for edge relation: REFERRED_IN_RESOURCE
Target entity not found in nodes for edge relation: SPIRITUAL_GUIDE
Target entity not found in nodes for edge relation: AUTHORED
Target entity not found in nodes for edge relation: INFLUENCED
Target entity not found in nodes for edge relation: THEME_EXPLORED
Target entity not found in nodes for edge relation: THEME_EXPLORED
Target entity not found in nodes for edge relation: QUOTE
Target entity not found in nodes for edge relation: HAS_CONDITION
Target entity not found in nodes for edge relation: PRACTICES
Target entity not found in nodes for edge relation: REVERES
Target entity not found in nodes for edge relation: EXPECTED_TO_ATTEND
Target entity not found in nodes for edge relation: ENGAGED_IN
Target entity not found in nodes for edge relation: CONSULTED
Target entity not found in nodes for edge relation: TURNED_TO
Target entity not found in nodes for edge relation: DECIDED_TO_TRAIN_IN
Target entity not found in nodes for edge relation: WORKED_ON
Target entity not found in nodes for edge relation: EXPERIENCED_AGAIN
Target entity not found in nodes for edge relation: TENSED
Target entity not found in nodes for edge relation: ENGAGED
Target entity not found in nodes for edge relation: RECOVERED_FROM
Target entity not found in nodes for edge relation: USES
Target entity not found in nodes for edge relation: USES
Target entity not found in nodes for edge relation: USES
Target entity not found in nodes for edge relation: USES
Target entity not found in nodes for edge relation: USES
Target entity not found in nodes for edge relation: USES
Target entity not found in nodes for edge relation: USES
Target entity not found in nodes for edge relation: USES
Target entity not found in nodes for edge relation: USES
Target entity not found in nodes for edge relation: OWNS
Target entity not found in nodes for edge relation: OWNS
Target entity not found in nodes for edge relation: OWNS
Target entity not found in nodes for edge relation: INCORPORATED_INTO
Target entity not found in nodes for edge relation: RECOMMENDS
Target entity not found in nodes for edge relation: RECOMMENDS
Target entity not found in nodes for edge relation: RECOMMENDS
Target entity not found in nodes for edge relation: RECOMMENDS
Target entity not found in nodes for edge relation: RECOMMENDS
Target entity not found in nodes for edge relation: RECOMMENDS
Target entity not found in nodes for edge relation: RECOMMENDS
Target entity not found in nodes for edge relation: RECOMMENDS
Target entity not found in nodes for edge relation: HAS_FEATURE
Target entity not found in nodes for edge relation: HAS_FEATURE
Target entity not found in nodes for edge relation: HAS_FEATURE
Target entity not found in nodes for edge relation: HAS_FEATURE
Target entity not found in nodes for edge relation: HAS_FEATURE
Target entity not found in nodes for edge relation: HAS_FEATURE
Target entity not found in nodes for edge relation: HAS_FEATURE
Target entity not found in nodes for edge relation: HAS_FEATURE
Target entity not found in nodes for edge relation: VISITED
Target entity not found in nodes for edge relation: EYEING
Target entity not found in nodes for edge relation: PURCHASED
Target entity not found in nodes for edge relation: ENROLLED_IN
Target entity not found in nodes for edge relation: EYEING
Target entity not found in nodes for edge relation: HOSTED_AT
Source entity not found in nodes for edge relation: PLAYS_GAME
Target entity not found in nodes for edge relation: OWNS
Target entity not found in nodes for edge relation: HAS_ATTRIBUTE
Target entity not found in nodes for edge relation: PLANS_TO_RESIZE
Target entity not found in nodes for edge relation: OWNS
Target entity not found in nodes for edge relation: HAS_ATTRIBUTE
Target entity not found in nodes for edge relation: OWNS
Target entity not found in nodes for edge relation: OWNS
Target entity not found in nodes for edge relation: HAS_FEATURE
Target entity not found in nodes for edge relation: HAS_FEATURE
Target entity not found in nodes for edge relation: HAS_FEATURE
Target entity not found in nodes for edge relation: HAS_FEATURE
Target entity not found in nodes for edge relation: HAS_FEATURE
Target entity not found in nodes for edge relation: HAS_FEATURE
Target entity not found in nodes for edge relation: HAS_FEATURE
Target entity not found in nodes for edge relation: HAS_FEATURE
Target entity not found in nodes for edge relation: HAS_FEATURE
