Traceback (most recent call last):
  File "/data/predator/ly/MemBind/saturated_fixed_work_baseline_v1_3/scripts/run_memops_qualification.py", line 89, in <module>
    raise SystemExit(main())
                     ^^^^^^
  File "/data/predator/ly/MemBind/saturated_fixed_work_baseline_v1_3/scripts/run_memops_qualification.py", line 56, in main
    result = asyncio.run(
             ^^^^^^^^^^^^
  File "/usr/lib/python3.12/asyncio/runners.py", line 194, in run
    return runner.run(main)
           ^^^^^^^^^^^^^^^^
  File "/usr/lib/python3.12/asyncio/runners.py", line 118, in run
    return self._loop.run_until_complete(task)
           ^^^^^^^^^^^^^^^^^^^^^^^^^^^^^^^^^^^
  File "/usr/lib/python3.12/asyncio/base_events.py", line 687, in run_until_complete
    return future.result()
           ^^^^^^^^^^^^^^^
  File "/data/predator/ly/MemBind/saturated_fixed_work_baseline_v1_3/src/saturated_fixed_work_baseline_v1_3/memops_qualification.py", line 578, in run_memops_live
    cache_salt = _cache_salt(run_id, block_id)
                 ^^^^^^^^^^^^^^^^^^^^^^^^^^^^^
  File "/data/predator/ly/MemBind/saturated_fixed_work_baseline_v1_3/src/saturated_fixed_work_baseline_v1_3/memops_qualification.py", line 263, in _cache_salt
    return derive_cache_salt(run_id, block_id, attempt_ordinal=1)
           ^^^^^^^^^^^^^^^^^^^^^^^^^^^^^^^^^^^^^^^^^^^^^^^^^^^^^^
  File "/data/predator/ly/MemBind/saturated_fixed_work_baseline_v1_2/src/saturated_fixed_work_baseline_v1_2/live.py", line 71, in derive_cache_salt
    raise ValueError("RUN_ID_INVALID")
ValueError: RUN_ID_INVALID
